 ProcessHangApp

 Timestamp is 4a37982a (Tue Jun 16 22:03:38 2009)

 Preferred load address is 00400000

 Start         Length     Name                   Class
 0001:00000000 00004430H .text                   CODE
 0001:00004430 000000f0H .text$x                 CODE
 0001:00004520 00000161H .text$yc                CODE
 0001:00004690 0000003cH .text$yd                CODE
 0002:00000000 000003b8H .idata$5                DATA
 0002:000003b8 00000004H .CRT$XCA                DATA
 0002:000003bc 00000004H .CRT$XCAA               DATA
 0002:000003c0 00000004H .CRT$XCL                DATA
 0002:000003c4 0000000cH .CRT$XCU                DATA
 0002:000003d0 00000004H .CRT$XCZ                DATA
 0002:000003d4 00000004H .CRT$XIA                DATA
 0002:000003d8 00000004H .CRT$XIAA               DATA
 0002:000003dc 00000004H .CRT$XIY                DATA
 0002:000003e0 00000004H .CRT$XIZ                DATA
 0002:000003f0 00001218H .rdata                  DATA
 0002:00001608 00000061H .rdata$debug            DATA
 0002:0000166c 000002fcH .rdata$r                DATA
 0002:00001970 00000018H .rdata$sxdata           DATA
 0002:00001988 00000004H .rtc$IAA                DATA
 0002:0000198c 0000000cH .rtc$IMZ                DATA
 0002:00001998 00000004H .rtc$IZZ                DATA
 0002:0000199c 00000004H .rtc$TAA                DATA
 0002:000019a0 0000000cH .rtc$TMZ                DATA
 0002:000019ac 00000004H .rtc$TZZ                DATA
 0002:000019b0 000001c4H .xdata$x                DATA
 0002:00001b74 00000004H ATL$__a                 DATA
 0002:00001b78 00000004H ATL$__z                 DATA
 0002:00001b7c 00000064H .idata$2                DATA
 0002:00001be0 00000014H .idata$3                DATA
 0002:00001bf4 000003b8H .idata$4                DATA
 0002:00001fac 00000576H .idata$6                DATA
 0002:00002522 00000000H .edata                  DATA
 0003:00000000 00000208H .data                   DATA
 0003:00000208 0000047cH .bss                    DATA
 0004:00000000 000001d8H .rsrc$01                DATA
 0004:000001e0 00000948H .rsrc$02                DATA

  Address         Publics by Value              Rva+Base       Lib:Object

 0000:00000006       ___safe_se_handler_count   00000006     <absolute>
 0000:00000000       ___ImageBase               00400000     <linker-defined>
 0001:00000000       ?GetMessageMap@CProcessHangAppApp@@MBEPBUAFX_MSGMAP@@XZ 00401000 f   ProcessHangApp.obj
 0001:00000040       ?GetThisMessageMap@CProcessHangAppApp@@KGPBUAFX_MSGMAP@@XZ 00401040 f   ProcessHangApp.obj
 0001:00000070       ??0CProcessHangAppApp@@QAE@XZ 00401070 f   ProcessHangApp.obj
 0001:000000c0       ??_ECProcessHangAppApp@@UAEPAXI@Z 004010c0 f i ProcessHangApp.obj
 0001:000000c0       ??_GCProcessHangAppApp@@UAEPAXI@Z 004010c0 f i ProcessHangApp.obj
 0001:00000120       ??1CProcessHangAppApp@@UAE@XZ 00401120 f i ProcessHangApp.obj
 0001:00000160       ?InitInstance@CProcessHangAppApp@@UAEHXZ 00401160 f   ProcessHangApp.obj
 0001:00000250       ??1CProcessHangAppDlg@@UAE@XZ 00401250 f i ProcessHangApp.obj
 0001:00000290       ??0CAboutDlg@@QAE@XZ       00401290 f   ProcessHangAppDlg.obj
 0001:000002e0       ??_ECAboutDlg@@UAEPAXI@Z   004012e0 f i ProcessHangAppDlg.obj
 0001:000002e0       ??_GCAboutDlg@@UAEPAXI@Z   004012e0 f i ProcessHangAppDlg.obj
 0001:00000340       ??1CAboutDlg@@UAE@XZ       00401340 f i ProcessHangAppDlg.obj
 0001:00000380       ?DoDataExchange@CAboutDlg@@MAEXPAVCDataExchange@@@Z 00401380 f   ProcessHangAppDlg.obj
 0001:000003d0       ?GetMessageMap@CAboutDlg@@MBEPBUAFX_MSGMAP@@XZ 004013d0 f   ProcessHangAppDlg.obj
 0001:00000410       ?GetThisMessageMap@CAboutDlg@@KGPBUAFX_MSGMAP@@XZ 00401410 f   ProcessHangAppDlg.obj
 0001:00000440       ??0CProcessHangAppDlg@@QAE@PAVCWnd@@@Z 00401440 f   ProcessHangAppDlg.obj
 0001:000004f0       ??_ECProcessHangAppDlg@@UAEPAXI@Z 004014f0 f i ProcessHangAppDlg.obj
 0001:000004f0       ??_GCProcessHangAppDlg@@UAEPAXI@Z 004014f0 f i ProcessHangAppDlg.obj
 0001:00000550       ?DoDataExchange@CProcessHangAppDlg@@MAEXPAVCDataExchange@@@Z 00401550 f   ProcessHangAppDlg.obj
 0001:000005a0       ?GetMessageMap@CProcessHangAppDlg@@MBEPBUAFX_MSGMAP@@XZ 004015a0 f   ProcessHangAppDlg.obj
 0001:000005e0       ?GetThisMessageMap@CProcessHangAppDlg@@KGPBUAFX_MSGMAP@@XZ 004015e0 f   ProcessHangAppDlg.obj
 0001:00000610       ?OnInitDialog@CProcessHangAppDlg@@MAEHXZ 00401610 f   ProcessHangAppDlg.obj
 0001:00000780       ?OnSysCommand@CProcessHangAppDlg@@IAEXIJ@Z 00401780 f   ProcessHangAppDlg.obj
 0001:00000870       ?OnPaint@CProcessHangAppDlg@@IAEXXZ 00401870 f   ProcessHangAppDlg.obj
 0001:00000a10       ?OnQueryDragIcon@CProcessHangAppDlg@@IAEPAUHICON__@@XZ 00401a10 f   ProcessHangAppDlg.obj
 0001:00000a40       ?OnBtnHung@CProcessHangAppDlg@@IAEXXZ 00401a40 f   ProcessHangAppDlg.obj
 0001:00000b20       ?_AfxInitManaged@@YAHXZ    00401b20 f i StdAfx.obj
 0001:00000b50       ??0Thank_you@Define_the_symbol__ATL_MIXED@@QAE@XZ 00401b50 f i StdAfx.obj
 0001:00000b90       ?one@Thank_you@Define_the_symbol__ATL_MIXED@@UAEXXZ 00401b90 f i StdAfx.obj
 0001:00000bba       ??3@YAXPAX@Z               00401bba f   mfc90d:mfc90d.dll
 0001:00000bc0       ?GetThisMessageMap@CWinApp@@KGPBUAFX_MSGMAP@@XZ 00401bc0 f   mfc90d:mfc90d.dll
 0001:00000bc6       ?OnHelp@CWinApp@@IAEXXZ    00401bc6 f   mfc90d:mfc90d.dll
 0001:00000bcc       ??0CWinApp@@QAE@PBD@Z      00401bcc f   mfc90d:mfc90d.dll
 0001:00000bd2       ?GetRuntimeClass@CWinApp@@UBEPAUCRuntimeClass@@XZ 00401bd2 f   mfc90d:mfc90d.dll
 0001:00000bd8       ?Serialize@CObject@@UAEXAAVCArchive@@@Z 00401bd8 f   mfc90d:mfc90d.dll
 0001:00000bde       ?AssertValid@CWinApp@@UBEXXZ 00401bde f   mfc90d:mfc90d.dll
 0001:00000be4       ?Dump@CWinApp@@UBEXAAVCDumpContext@@@Z 00401be4 f   mfc90d:mfc90d.dll
 0001:00000bea       ?OnCmdMsg@CCmdTarget@@UAEHIHPAXPAUAFX_CMDHANDLERINFO@@@Z 00401bea f   mfc90d:mfc90d.dll
 0001:00000bf0       ?OnFinalRelease@CCmdTarget@@UAEXXZ 00401bf0 f   mfc90d:mfc90d.dll
 0001:00000bf6       ?IsInvokeAllowed@CCmdTarget@@UAEHJ@Z 00401bf6 f   mfc90d:mfc90d.dll
 0001:00000bfc       ?GetDispatchIID@CCmdTarget@@UAEHPAU_GUID@@@Z 00401bfc f   mfc90d:mfc90d.dll
 0001:00000c02       ?GetTypeInfoCount@CCmdTarget@@UAEIXZ 00401c02 f   mfc90d:mfc90d.dll
 0001:00000c08       ?GetTypeLibCache@CCmdTarget@@UAEPAVCTypeLibCache@@XZ 00401c08 f   mfc90d:mfc90d.dll
 0001:00000c0e       ?GetTypeLib@CCmdTarget@@UAEJKPAPAUITypeLib@@@Z 00401c0e f   mfc90d:mfc90d.dll
 0001:00000c14       ?GetCommandMap@CCmdTarget@@MBEPBUAFX_OLECMDMAP@@XZ 00401c14 f   mfc90d:mfc90d.dll
 0001:00000c1a       ?GetDispatchMap@CCmdTarget@@MBEPBUAFX_DISPMAP@@XZ 00401c1a f   mfc90d:mfc90d.dll
 0001:00000c20       ?GetConnectionMap@CCmdTarget@@MBEPBUAFX_CONNECTIONMAP@@XZ 00401c20 f   mfc90d:mfc90d.dll
 0001:00000c26       ?GetInterfaceMap@CCmdTarget@@MBEPBUAFX_INTERFACEMAP@@XZ 00401c26 f   mfc90d:mfc90d.dll
 0001:00000c2c       ?GetEventSinkMap@CCmdTarget@@MBEPBUAFX_EVENTSINKMAP@@XZ 00401c2c f   mfc90d:mfc90d.dll
 0001:00000c32       ?OnCreateAggregates@CCmdTarget@@UAEHXZ 00401c32 f   mfc90d:mfc90d.dll
 0001:00000c38       ?GetInterfaceHook@CCmdTarget@@UAEPAUIUnknown@@PBX@Z 00401c38 f   mfc90d:mfc90d.dll
 0001:00000c3e       ?GetExtraConnectionPoints@CCmdTarget@@MAEHPAVCPtrArray@@@Z 00401c3e f   mfc90d:mfc90d.dll
 0001:00000c44       ?GetConnectionHook@CCmdTarget@@MAEPAUIConnectionPoint@@ABU_GUID@@@Z 00401c44 f   mfc90d:mfc90d.dll
 0001:00000c4a       ?Run@CWinApp@@UAEHXZ       00401c4a f   mfc90d:mfc90d.dll
 0001:00000c50       ?PreTranslateMessage@CWinThread@@UAEHPAUtagMSG@@@Z 00401c50 f   mfc90d:mfc90d.dll
 0001:00000c56       ?PumpMessage@CWinThread@@UAEHXZ 00401c56 f   mfc90d:mfc90d.dll
 0001:00000c5c       ?OnIdle@CWinApp@@UAEHJ@Z   00401c5c f   mfc90d:mfc90d.dll
 0001:00000c62       ?IsIdleMessage@CWinThread@@UAEHPAUtagMSG@@@Z 00401c62 f   mfc90d:mfc90d.dll
 0001:00000c68       ?ExitInstance@CWinApp@@UAEHXZ 00401c68 f   mfc90d:mfc90d.dll
 0001:00000c6e       ?ProcessWndProcException@CWinApp@@UAEJPAVCException@@PBUtagMSG@@@Z 00401c6e f   mfc90d:mfc90d.dll
 0001:00000c74       ?ProcessMessageFilter@CWinThread@@UAEHHPAUtagMSG@@@Z 00401c74 f   mfc90d:mfc90d.dll
 0001:00000c7a       ?GetMainWnd@CWinThread@@UAEPAVCWnd@@XZ 00401c7a f   mfc90d:mfc90d.dll
 0001:00000c80       ?Delete@CWinThread@@UAEXXZ 00401c80 f   mfc90d:mfc90d.dll
 0001:00000c86       ?InitLibId@CWinApp@@UAEXXZ 00401c86 f   mfc90d:mfc90d.dll
 0001:00000c8c       ?Register@CWinApp@@UAEHXZ  00401c8c f   mfc90d:mfc90d.dll
 0001:00000c92       ?Unregister@CWinApp@@UAEHXZ 00401c92 f   mfc90d:mfc90d.dll
 0001:00000c98       ?OpenDocumentFile@CWinApp@@UAEPAVCDocument@@PBD@Z 00401c98 f   mfc90d:mfc90d.dll
 0001:00000c9e       ?AddToRecentFileList@CWinApp@@UAEXPBD@Z 00401c9e f   mfc90d:mfc90d.dll
 0001:00000ca4       ?InitApplication@CWinApp@@UAEHXZ 00401ca4 f   mfc90d:mfc90d.dll
 0001:00000caa       ?SaveAllModified@CWinApp@@UAEHXZ 00401caa f   mfc90d:mfc90d.dll
 0001:00000cb0       ?DoMessageBox@CWinApp@@UAEHPBDII@Z 00401cb0 f   mfc90d:mfc90d.dll
 0001:00000cb6       ?DoWaitCursor@CWinApp@@UAEXH@Z 00401cb6 f   mfc90d:mfc90d.dll
 0001:00000cbc       ?OnDDECommand@CWinApp@@UAEHPAD@Z 00401cbc f   mfc90d:mfc90d.dll
 0001:00000cc2       ?WinHelpA@CWinApp@@UAEXKI@Z 00401cc2 f   mfc90d:mfc90d.dll
 0001:00000cc8       ?HtmlHelpA@CWinApp@@UAEXKI@Z 00401cc8 f   mfc90d:mfc90d.dll
 0001:00000cce       ?WinHelpInternal@CWinApp@@UAEXKI@Z 00401cce f   mfc90d:mfc90d.dll
 0001:00000cd4       ?LoadAppLangResourceDLL@CWinApp@@UAEPAUHINSTANCE__@@XZ 00401cd4 f   mfc90d:mfc90d.dll
 0001:00000cda       ?LoadSysPolicies@CWinApp@@UAEHXZ 00401cda f   mfc90d:mfc90d.dll
 0001:00000ce0       ??3CObject@@SGXPAX@Z       00401ce0 f   mfc90d:mfc90d.dll
 0001:00000ce6       ??1CWinApp@@UAE@XZ         00401ce6 f   mfc90d:mfc90d.dll
 0001:00000cec       ?DoModal@CDialog@@UAEHXZ   00401cec f   mfc90d:mfc90d.dll
 0001:00000cf2       ?Enable3dControls@CWinApp@@IAEHXZ 00401cf2 f   mfc90d:mfc90d.dll
 0001:00000cf8       ?AfxEnableControlContainer@@YAXPAVCOccManager@@@Z 00401cf8 f   mfc90d:mfc90d.dll
 0001:00000cfe       ??1CDialog@@UAE@XZ         00401cfe f   mfc90d:mfc90d.dll
 0001:00000d04       ?GetThisMessageMap@CDialog@@KGPBUAFX_MSGMAP@@XZ 00401d04 f   mfc90d:mfc90d.dll
 0001:00000d0a       ??0CDialog@@QAE@IPAVCWnd@@@Z 00401d0a f   mfc90d:mfc90d.dll
 0001:00000d10       ?GetRuntimeClass@CDialog@@UBEPAUCRuntimeClass@@XZ 00401d10 f   mfc90d:mfc90d.dll
 0001:00000d16       ?AssertValid@CDialog@@UBEXXZ 00401d16 f   mfc90d:mfc90d.dll
 0001:00000d1c       ?Dump@CDialog@@UBEXAAVCDumpContext@@@Z 00401d1c f   mfc90d:mfc90d.dll
 0001:00000d22       ?OnCmdMsg@CDialog@@UAEHIHPAXPAUAFX_CMDHANDLERINFO@@@Z 00401d22 f   mfc90d:mfc90d.dll
 0001:00000d28       ?OnFinalRelease@CWnd@@UAEXXZ 00401d28 f   mfc90d:mfc90d.dll
 0001:00000d2e       ?GetInterfaceMap@CWnd@@MBEPBUAFX_INTERFACEMAP@@XZ 00401d2e f   mfc90d:mfc90d.dll
 0001:00000d34       ?PreSubclassWindow@CWnd@@UAEXXZ 00401d34 f   mfc90d:mfc90d.dll
 0001:00000d3a       ?Create@CWnd@@UAEHPBD0KABUtagRECT@@PAV1@IPAUCCreateContext@@@Z 00401d3a f   mfc90d:mfc90d.dll
 0001:00000d40       ?CreateEx@CWnd@@UAEHKPBD0KABUtagRECT@@PAV1@IPAX@Z 00401d40 f   mfc90d:mfc90d.dll
 0001:00000d46       ?CreateEx@CWnd@@UAEHKPBD0KHHHHPAUHWND__@@PAUHMENU__@@PAX@Z 00401d46 f   mfc90d:mfc90d.dll
 0001:00000d4c       ?DestroyWindow@CWnd@@UAEHXZ 00401d4c f   mfc90d:mfc90d.dll
 0001:00000d52       ?PreCreateWindow@CWnd@@UAEHAAUtagCREATESTRUCTA@@@Z 00401d52 f   mfc90d:mfc90d.dll
 0001:00000d58       ?CalcWindowRect@CWnd@@UAEXPAUtagRECT@@I@Z 00401d58 f   mfc90d:mfc90d.dll
 0001:00000d5e       ?GetMenu@CWnd@@UBEPAVCMenu@@XZ 00401d5e f   mfc90d:mfc90d.dll
 0001:00000d64       ?SetMenu@CWnd@@UAEHPAVCMenu@@@Z 00401d64 f   mfc90d:mfc90d.dll
 0001:00000d6a       ?OnToolHitTest@CWnd@@UBEHVCPoint@@PAUtagTOOLINFOA@@@Z 00401d6a f   mfc90d:mfc90d.dll
 0001:00000d70       ?GetScrollBarCtrl@CWnd@@UBEPAVCScrollBar@@H@Z 00401d70 f   mfc90d:mfc90d.dll
 0001:00000d76       ?WinHelpA@CWnd@@UAEXKI@Z   00401d76 f   mfc90d:mfc90d.dll
 0001:00000d7c       ?HtmlHelpA@CWnd@@UAEXKI@Z  00401d7c f   mfc90d:mfc90d.dll
 0001:00000d82       ?WinHelpInternal@CWnd@@UAEXKI@Z 00401d82 f   mfc90d:mfc90d.dll
 0001:00000d88       ?ContinueModal@CWnd@@UAEHXZ 00401d88 f   mfc90d:mfc90d.dll
 0001:00000d8e       ?EndModalLoop@CWnd@@UAEXH@Z 00401d8e f   mfc90d:mfc90d.dll
 0001:00000d94       ?EnsureStdObj@CWnd@@UAEJXZ 00401d94 f   mfc90d:mfc90d.dll
 0001:00000d9a       ?get_accParent@CWnd@@UAEJPAPAUIDispatch@@@Z 00401d9a f   mfc90d:mfc90d.dll
 0001:00000da0       ?get_accChildCount@CWnd@@UAEJPAJ@Z 00401da0 f   mfc90d:mfc90d.dll
 0001:00000da6       ?get_accChild@CWnd@@UAEJUtagVARIANT@@PAPAUIDispatch@@@Z 00401da6 f   mfc90d:mfc90d.dll
 0001:00000dac       ?get_accName@CWnd@@UAEJUtagVARIANT@@PAPA_W@Z 00401dac f   mfc90d:mfc90d.dll
 0001:00000db2       ?get_accValue@CWnd@@UAEJUtagVARIANT@@PAPA_W@Z 00401db2 f   mfc90d:mfc90d.dll
 0001:00000db8       ?get_accDescription@CWnd@@UAEJUtagVARIANT@@PAPA_W@Z 00401db8 f   mfc90d:mfc90d.dll
 0001:00000dbe       ?get_accRole@CWnd@@UAEJUtagVARIANT@@PAU2@@Z 00401dbe f   mfc90d:mfc90d.dll
 0001:00000dc4       ?get_accState@CWnd@@UAEJUtagVARIANT@@PAU2@@Z 00401dc4 f   mfc90d:mfc90d.dll
 0001:00000dca       ?get_accHelp@CWnd@@UAEJUtagVARIANT@@PAPA_W@Z 00401dca f   mfc90d:mfc90d.dll
 0001:00000dd0       ?get_accHelpTopic@CWnd@@UAEJPAPA_WUtagVARIANT@@PAJ@Z 00401dd0 f   mfc90d:mfc90d.dll
 0001:00000dd6       ?get_accKeyboardShortcut@CWnd@@UAEJUtagVARIANT@@PAPA_W@Z 00401dd6 f   mfc90d:mfc90d.dll
 0001:00000ddc       ?get_accFocus@CWnd@@UAEJPAUtagVARIANT@@@Z 00401ddc f   mfc90d:mfc90d.dll
 0001:00000de2       ?get_accSelection@CWnd@@UAEJPAUtagVARIANT@@@Z 00401de2 f   mfc90d:mfc90d.dll
 0001:00000de8       ?get_accDefaultAction@CWnd@@UAEJUtagVARIANT@@PAPA_W@Z 00401de8 f   mfc90d:mfc90d.dll
 0001:00000dee       ?accSelect@CWnd@@UAEJJUtagVARIANT@@@Z 00401dee f   mfc90d:mfc90d.dll
 0001:00000df4       ?accLocation@CWnd@@UAEJPAJ000UtagVARIANT@@@Z 00401df4 f   mfc90d:mfc90d.dll
 0001:00000dfa       ?accNavigate@CWnd@@UAEJJUtagVARIANT@@PAU2@@Z 00401dfa f   mfc90d:mfc90d.dll
 0001:00000e00       ?accHitTest@CWnd@@UAEJJJPAUtagVARIANT@@@Z 00401e00 f   mfc90d:mfc90d.dll
 0001:00000e06       ?accDoDefaultAction@CWnd@@UAEJUtagVARIANT@@@Z 00401e06 f   mfc90d:mfc90d.dll
 0001:00000e0c       ?put_accName@CWnd@@UAEJUtagVARIANT@@PA_W@Z 00401e0c f   mfc90d:mfc90d.dll
 0001:00000e12       ?put_accValue@CWnd@@UAEJUtagVARIANT@@PA_W@Z 00401e12 f   mfc90d:mfc90d.dll
 0001:00000e18       ?SetProxy@CWnd@@UAEJPAUIAccessibleProxy@@@Z 00401e18 f   mfc90d:mfc90d.dll
 0001:00000e1e       ?CreateAccessibleProxy@CWnd@@UAEJIJPAJ@Z 00401e1e f   mfc90d:mfc90d.dll
 0001:00000e24       ?OnCommand@CWnd@@MAEHIJ@Z  00401e24 f   mfc90d:mfc90d.dll
 0001:00000e2a       ?OnNotify@CWnd@@MAEHIJPAJ@Z 00401e2a f   mfc90d:mfc90d.dll
 0001:00000e30       ?GetSuperWndProcAddr@CWnd@@MAEPAP6GJPAUHWND__@@IIJ@ZXZ 00401e30 f   mfc90d:mfc90d.dll
 0001:00000e36       ?BeginModalState@CWnd@@UAEXXZ 00401e36 f   mfc90d:mfc90d.dll
 0001:00000e3c       ?EndModalState@CWnd@@UAEXXZ 00401e3c f   mfc90d:mfc90d.dll
 0001:00000e42       ?PreTranslateMessage@CDialog@@UAEHPAUtagMSG@@@Z 00401e42 f   mfc90d:mfc90d.dll
 0001:00000e48       ?OnAmbientProperty@CWnd@@UAEHPAVCOleControlSite@@JPAUtagVARIANT@@@Z 00401e48 f   mfc90d:mfc90d.dll
 0001:00000e4e       ?WindowProc@CWnd@@MAEJIIJ@Z 00401e4e f   mfc90d:mfc90d.dll
 0001:00000e54       ?OnWndMsg@CWnd@@MAEHIIJPAJ@Z 00401e54 f   mfc90d:mfc90d.dll
 0001:00000e5a       ?DefWindowProcA@CWnd@@MAEJIIJ@Z 00401e5a f   mfc90d:mfc90d.dll
 0001:00000e60       ?PostNcDestroy@CWnd@@MAEXXZ 00401e60 f   mfc90d:mfc90d.dll
 0001:00000e66       ?OnChildNotify@CWnd@@MAEHIIJPAJ@Z 00401e66 f   mfc90d:mfc90d.dll
 0001:00000e6c       ?CheckAutoCenter@CDialog@@UAEHXZ 00401e6c f   mfc90d:mfc90d.dll
 0001:00000e72       ?IsFrameWnd@CWnd@@UBEHXZ   00401e72 f   mfc90d:mfc90d.dll
 0001:00000e78       ?CreateControlContainer@CWnd@@MAEHPAPAVCOleControlContainer@@@Z 00401e78 f   mfc90d:mfc90d.dll
 0001:00000e7e       ?CreateControlSite@CWnd@@MAEHPAVCOleControlContainer@@PAPAVCOleControlSite@@IABU_GUID@@@Z 00401e7e f   mfc90d:mfc90d.dll
 0001:00000e84       ?SetOccDialogInfo@CDialog@@MAEHPAU_AFX_OCC_DIALOG_INFO@@@Z 00401e84 f   mfc90d:mfc90d.dll
 0001:00000e8a       ?GetOccDialogInfo@CDialog@@MAEPAU_AFX_OCC_DIALOG_INFO@@XZ 00401e8a f   mfc90d:mfc90d.dll
 0001:00000e90       ?Create@CDialog@@UAEHIPAVCWnd@@@Z 00401e90 f   mfc90d:mfc90d.dll
 0001:00000e96       ?Create@CDialog@@UAEHPBDPAVCWnd@@@Z 00401e96 f   mfc90d:mfc90d.dll
 0001:00000e9c       ?CreateIndirect@CDialog@@UAEHPAXPAVCWnd@@@Z 00401e9c f   mfc90d:mfc90d.dll
 0001:00000ea2       ?CreateIndirect@CDialog@@UAEHPBUDLGTEMPLATE@@PAVCWnd@@PAX@Z 00401ea2 f   mfc90d:mfc90d.dll
 0001:00000ea8       ?OnInitDialog@CDialog@@UAEHXZ 00401ea8 f   mfc90d:mfc90d.dll
 0001:00000eae       ?OnSetFont@CDialog@@UAEXPAVCFont@@@Z 00401eae f   mfc90d:mfc90d.dll
 0001:00000eb4       ?OnOK@CDialog@@MAEXXZ      00401eb4 f   mfc90d:mfc90d.dll
 0001:00000eba       ?OnCancel@CDialog@@MAEXXZ  00401eba f   mfc90d:mfc90d.dll
 0001:00000ec0       ?PreInitDialog@CDialog@@MAEXXZ 00401ec0 f   mfc90d:mfc90d.dll
 0001:00000ec6       ?DoDataExchange@CWnd@@MAEXPAVCDataExchange@@@Z 00401ec6 f   mfc90d:mfc90d.dll
 0001:00000ecc       ?LoadIconA@CWinApp@@QBEPAUHICON__@@I@Z 00401ecc f   mfc90d:mfc90d.dll
 0001:00000ed2       ?AfxGetApp@@YGPAVCWinApp@@XZ 00401ed2 f   mfc90d:mfc90d.dll
 0001:00000ed8       ?SetIcon@CWnd@@QAEPAUHICON__@@PAU2@H@Z 00401ed8 f   mfc90d:mfc90d.dll
 0001:00000ede       ??1?$CStringT@DV?$StrTraitMFC_DLL@DV?$ChTraitsCRT@D@ATL@@@@@ATL@@QAE@XZ 00401ede f   mfc90d:mfc90d.dll
 0001:00000ee4       ??B?$CSimpleStringT@D$00@ATL@@QBEPBDXZ 00401ee4 f   mfc90d:mfc90d.dll
 0001:00000eea       ?AppendMenuA@CMenu@@QAEHIIPBD@Z 00401eea f   mfc90d:mfc90d.dll
 0001:00000ef0       ?IsEmpty@?$CSimpleStringT@D$00@ATL@@QBE_NXZ 00401ef0 f   mfc90d:mfc90d.dll
 0001:00000ef6       ?LoadStringA@?$CStringT@DV?$StrTraitMFC_DLL@DV?$ChTraitsCRT@D@ATL@@@@@ATL@@QAEHI@Z 00401ef6 f   mfc90d:mfc90d.dll
 0001:00000efc       ??0?$CStringT@DV?$StrTraitMFC_DLL@DV?$ChTraitsCRT@D@ATL@@@@@ATL@@QAE@XZ 00401efc f   mfc90d:mfc90d.dll
 0001:00000f02       ?GetSystemMenu@CWnd@@QBEPAVCMenu@@H@Z 00401f02 f   mfc90d:mfc90d.dll
 0001:00000f08       ?OnSysCommand@CWnd@@IAEXIJ@Z 00401f08 f   mfc90d:mfc90d.dll
 0001:00000f0e       ?OnPaint@CDialog@@IAEXXZ   00401f0e f   mfc90d:mfc90d.dll
 0001:00000f14       ??1CPaintDC@@UAE@XZ        00401f14 f   mfc90d:mfc90d.dll
 0001:00000f1a       ?DrawIcon@CDC@@QAEHHHPAUHICON__@@@Z 00401f1a f   mfc90d:mfc90d.dll
 0001:00000f20       ?GetClientRect@CWnd@@QBEXPAUtagRECT@@@Z 00401f20 f   mfc90d:mfc90d.dll
 0001:00000f26       ?SendMessageA@CWnd@@QBEJIIJ@Z 00401f26 f   mfc90d:mfc90d.dll
 0001:00000f2c       ?GetSafeHdc@CDC@@QBEPAUHDC__@@XZ 00401f2c f   mfc90d:mfc90d.dll
 0001:00000f32       ??0CPaintDC@@QAE@PAVCWnd@@@Z 00401f32 f   mfc90d:mfc90d.dll
 0001:00000f38       ?IsIconic@CWnd@@QBEHXZ     00401f38 f   mfc90d:mfc90d.dll
 0001:00000f3e       ?MessageBoxA@CWnd@@QAEHPBD0I@Z 00401f3e f   mfc90d:mfc90d.dll
 0001:00000f44       ?AfxAssertFailedLine@@YGHPBDH@Z 00401f44 f   mfc90d:mfc90d.dll
 0001:00000f50       ??_Estringdispid@CComTypeInfoHolder@ATL@@QAEPAXI@Z 00401f50 f i mfcs90d:nolib.obj
 0001:00000fc0       ??1stringdispid@CComTypeInfoHolder@ATL@@QAE@XZ 00401fc0 f i mfcs90d:nolib.obj
 0001:00000fe0       ??1CComBSTR@ATL@@QAE@XZ    00401fe0 f i mfcs90d:nolib.obj
 0001:00001000       __RTC_CheckEsp             00402000 f   msvcrtd:_stack_.obj
 0001:00001030       @_RTC_CheckStackVars@8     00402030 f   msvcrtd:_stack_.obj
 0001:00001090       @_RTC_AllocaHelper@12      00402090 f   msvcrtd:_stack_.obj
 0001:000010d0       @_RTC_CheckStackVars2@12   004020d0 f   msvcrtd:_stack_.obj
 0001:000011b0       __RTC_InitBase             004021b0 f   msvcrtd:_init_.obj
 0001:000011e0       __RTC_Shutdown             004021e0 f   msvcrtd:_init_.obj
 0001:00001200       ??0type_info@@AAE@ABV0@@Z  00402200 f   msvcrtd:ti_inst.obj
 0001:00001220       ??_Etype_info@@UAEPAXI@Z   00402220 f i msvcrtd:ti_inst.obj
 0001:00001290       ??4type_info@@AAEAAV0@ABV0@@Z 00402290 f   msvcrtd:ti_inst.obj
 0001:000012a2       ___CxxFrameHandler3        004022a2 f   msvcrtd:MSVCR90D.dll
 0001:000012b0       @__security_check_cookie@4 004022b0 f   msvcrtd:secchk.obj
 0001:000012c0       __onexit                   004022c0 f   msvcrtd:atonexit.obj
 0001:000013d0       _atexit                    004023d0 f   msvcrtd:atonexit.obj
 0001:000014f0       _WinMainCRTStartup         004024f0 f   msvcrtd:crtexew.obj
 0001:00001840       _NtCurrentTeb              00402840 f i msvcrtd:crtexew.obj
 0001:00001900       ??_V@YAXPAX@Z              00402900 f   msvcrtd:MSVCR90D.dll
 0001:00001910       ??_M@YGXPAXIHP6EX0@Z@Z     00402910 f   msvcrtd:ehvecdtr.obj
 0001:000019c0       ?__ArrayUnwind@@YGXPAXIHP6EX0@Z@Z 004029c0 f   msvcrtd:ehvecdtr.obj
 0001:00001a80       _DebuggerKnownHandle       00402a80 f   msvcrtd:_error_.obj
 0001:00001b40       ?_RTC_Failure@@YAXPAXH@Z   00402b40 f   msvcrtd:_error_.obj
 0001:00001e50       ?_RTC_StackFailure@@YAXPAXPBD@Z 00402e50 f   msvcrtd:_error_.obj
 0001:00001f50       ?_RTC_AllocaFailure@@YAXPAXPAU_RTC_ALLOCA_NODE@@H@Z 00402f50 f   msvcrtd:_error_.obj
 0001:00002100       __RTC_UninitUse            00403100 f   msvcrtd:_error_.obj
 0001:000021f0       __RTC_NumErrors            004031f0 f   msvcrtd:_userapi_.obj
 0001:00002200       __RTC_GetErrDesc           00403200 f   msvcrtd:_userapi_.obj
 0001:00002220       __RTC_SetErrorType         00403220 f   msvcrtd:_userapi_.obj
 0001:00002250       __RTC_SetErrorFunc         00403250 f   msvcrtd:_userapi_.obj
 0001:00002270       __RTC_SetErrorFuncW        00403270 f   msvcrtd:_userapi_.obj
 0001:00002290       ?_RTC_GetErrorFunc@@YAP6AHHPBDH00ZZPBX@Z 00403290 f   msvcrtd:_userapi_.obj
 0001:000022a0       ?_RTC_GetErrorFuncW@@YAP6AHHPB_WH00ZZPBX@Z 004032a0 f   msvcrtd:_userapi_.obj
 0001:000022a6       __CRT_RTC_INITW            004032a6 f   msvcrtd:MSVCR90D.dll
 0001:000022b0       ___report_gsfailure        004032b0 f   msvcrtd:gs_report.obj
 0001:000023be       __unlock                   004033be f   msvcrtd:MSVCR90D.dll
 0001:000023c4       ___dllonexit               004033c4 f   msvcrtd:MSVCR90D.dll
 0001:000023ca       __encode_pointer           004033ca f   msvcrtd:MSVCR90D.dll
 0001:000023d0       __lock                     004033d0 f   msvcrtd:MSVCR90D.dll
 0001:000023d6       __decode_pointer           004033d6 f   msvcrtd:MSVCR90D.dll
 0001:000023e0       __except_handler4          004033e0 f   msvcrtd:chandler4gs.obj
 0001:00002410       ?__CxxUnhandledExceptionFilter@@YGJPAU_EXCEPTION_POINTERS@@@Z 00403410 f   msvcrtd:unhandld.obj
 0001:00002480       ___CxxSetUnhandledExceptionFilter 00403480 f   msvcrtd:unhandld.obj
 0001:00002494       __configthreadlocale       00403494 f   msvcrtd:MSVCR90D.dll
 0001:000024a0       __setdefaultprecision      004034a0 f   msvcrtd:fp8.obj
 0001:000024e0       __invoke_watson_if_error   004034e0 f i msvcrtd:fp8.obj
 0001:0000250c       ___setusermatherr          0040350c f   msvcrtd:MSVCR90D.dll
 0001:00002520       __matherr                  00403520 f   msvcrtd:merr.obj
 0001:00002530       __setargv                  00403530 f   msvcrtd:dllargv.obj
 0001:00002540       __RTC_Initialize           00403540 f   msvcrtd:_initsect_.obj
 0001:00002570       __RTC_Terminate            00403570 f   msvcrtd:_initsect_.obj
 0001:00002596       ___p__commode              00403596 f   msvcrtd:MSVCR90D.dll
 0001:0000259c       ___p__fmode                0040359c f   msvcrtd:MSVCR90D.dll
 0001:000025a2       ___set_app_type            004035a2 f   msvcrtd:MSVCR90D.dll
 0001:000025a8       __amsg_exit                004035a8 f   msvcrtd:MSVCR90D.dll
 0001:000025ae       ___getmainargs             004035ae f   msvcrtd:MSVCR90D.dll
 0001:000025c0       ___security_init_cookie    004035c0 f   msvcrtd:gs_support.obj
 0001:0000269c       __exit                     0040369c f   msvcrtd:MSVCR90D.dll
 0001:000026a2       __XcptFilter               004036a2 f   msvcrtd:MSVCR90D.dll
 0001:000026a8       __cexit                    004036a8 f   msvcrtd:MSVCR90D.dll
 0001:000026ae       _exit                      004036ae f   msvcrtd:MSVCR90D.dll
 0001:000026b4       __ismbblead                004036b4 f   msvcrtd:MSVCR90D.dll
 0001:000026ba       __CrtSetCheckCount         004036ba f   msvcrtd:MSVCR90D.dll
 0001:000026c0       __ValidateImageBase        004036c0 f   msvcrtd:pesect.obj
 0001:00002720       __FindPESection            00403720 f   msvcrtd:pesect.obj
 0001:000027a0       __IsNonwritableInCurrentImage 004037a0 f   msvcrtd:pesect.obj
 0001:000028b2       __CrtDbgReportW            004038b2 f   msvcrtd:MSVCR90D.dll
 0001:000028b8       __initterm                 004038b8 f   msvcrtd:MSVCR90D.dll
 0001:000028be       __initterm_e               004038be f   msvcrtd:MSVCR90D.dll
 0001:000028c4       ?terminate@@YAXXZ          004038c4 f   msvcrtd:MSVCR90D.dll
 0001:000028d0       ?_RTC_GetSrcLine@@YAHPAEPA_WKPAH1K@Z 004038d0 f   msvcrtd:_pdblkup_.obj
 0001:00002d66       ?_type_info_dtor_internal_method@type_info@@QAEXXZ 00403d66 f   msvcrtd:MSVCR90D.dll
 0001:00002d66       ??1type_info@@UAE@XZ       00403d66 f   msvcrtd:MSVCR90D.dll
 0001:00002d6c       __crt_debugger_hook        00403d6c f   msvcrtd:MSVCR90D.dll
 0001:00002d72       __except_handler4_common   00403d72 f   msvcrtd:MSVCR90D.dll
 0001:00002d78       __controlfp_s              00403d78 f   msvcrtd:MSVCR90D.dll
 0001:00002d7e       __invoke_watson            00403d7e f   msvcrtd:MSVCR90D.dll
 0001:00002d84       _CloseHandle@4             00403d84 f   kernel32:KERNEL32.dll
 0001:00002d8a       _SetEvent@4                00403d8a f   kernel32:KERNEL32.dll
 0001:00002d90       _WaitForSingleObject@8     00403d90 f   kernel32:KERNEL32.dll
 0001:00002d96       _CreateEventA@16           00403d96 f   kernel32:KERNEL32.dll
 0001:00002d9c       _InterlockedExchange@8     00403d9c f   kernel32:KERNEL32.dll
 0001:00002da2       _Sleep@4                   00403da2 f   kernel32:KERNEL32.dll
 0001:00002da8       _InterlockedCompareExchange@12 00403da8 f   kernel32:KERNEL32.dll
 0001:00002dae       _GetStartupInfoA@4         00403dae f   kernel32:KERNEL32.dll
 0001:00002db4       _IsDebuggerPresent@0       00403db4 f   kernel32:KERNEL32.dll
 0001:00002dba       _RaiseException@16         00403dba f   kernel32:KERNEL32.dll
 0001:00002dc0       _DebugBreak@0              00403dc0 f   kernel32:KERNEL32.dll
 0001:00002dc6       _WideCharToMultiByte@32    00403dc6 f   kernel32:KERNEL32.dll
 0001:00002dcc       _MultiByteToWideChar@24    00403dcc f   kernel32:KERNEL32.dll
 0001:00002dd2       _lstrlenA@4                00403dd2 f   kernel32:KERNEL32.dll
 0001:00002dd8       _GetProcAddress@8          00403dd8 f   kernel32:KERNEL32.dll
 0001:00002dde       _LoadLibraryA@4            00403dde f   kernel32:KERNEL32.dll
 0001:00002de4       _TerminateProcess@8        00403de4 f   kernel32:KERNEL32.dll
 0001:00002dea       _GetCurrentProcess@0       00403dea f   kernel32:KERNEL32.dll
 0001:00002df0       _UnhandledExceptionFilter@4 00403df0 f   kernel32:KERNEL32.dll
 0001:00002df6       _SetUnhandledExceptionFilter@4 00403df6 f   kernel32:KERNEL32.dll
 0001:00002dfc       _QueryPerformanceCounter@4 00403dfc f   kernel32:KERNEL32.dll
 0001:00002e02       _GetTickCount@0            00403e02 f   kernel32:KERNEL32.dll
 0001:00002e08       _GetCurrentThreadId@0      00403e08 f   kernel32:KERNEL32.dll
 0001:00002e0e       _GetCurrentProcessId@0     00403e0e f   kernel32:KERNEL32.dll
 0001:00002e14       _GetSystemTimeAsFileTime@4 00403e14 f   kernel32:KERNEL32.dll
 0001:00002e1a       _HeapFree@12               00403e1a f   kernel32:KERNEL32.dll
 0001:00002e20       _HeapAlloc@12              00403e20 f   kernel32:KERNEL32.dll
 0001:00002e26       _GetProcessHeap@0          00403e26 f   kernel32:KERNEL32.dll
 0001:00002e2c       _GetModuleFileNameW@12     00403e2c f   kernel32:KERNEL32.dll
 0001:00002e32       _VirtualQuery@12           00403e32 f   kernel32:KERNEL32.dll
 0001:00002e38       _FreeLibrary@4             00403e38 f   kernel32:KERNEL32.dll
 0001:00002e3e       _GetSystemMetrics@4        00403e3e f   user32:USER32.dll
 0001:00002e44       _SysFreeString@4           00403e44 f   oleaut32:OLEAUT32.dll
 0001:00002e50       ??0CSize@@QAE@XZ           00403e50 f   atlsd:atltypes.obj
 0001:00002e60       ??0CSize@@QAE@HH@Z         00403e60 f   atlsd:atltypes.obj
 0001:00002e90       ??0CSize@@QAE@UtagSIZE@@@Z 00403e90 f   atlsd:atltypes.obj
 0001:00002eb0       ??0CSize@@QAE@UtagPOINT@@@Z 00403eb0 f   atlsd:atltypes.obj
 0001:00002ed0       ??0CSize@@QAE@K@Z          00403ed0 f   atlsd:atltypes.obj
 0001:00002f10       ??8CSize@@QBEHUtagSIZE@@@Z 00403f10 f   atlsd:atltypes.obj
 0001:00002f50       ??9CSize@@QBEHUtagSIZE@@@Z 00403f50 f   atlsd:atltypes.obj
 0001:00002f90       ??YCSize@@QAEXUtagSIZE@@@Z 00403f90 f   atlsd:atltypes.obj
 0001:00002fc0       ??ZCSize@@QAEXUtagSIZE@@@Z 00403fc0 f   atlsd:atltypes.obj
 0001:00002ff0       ?SetSize@CSize@@QAEXHH@Z   00403ff0 f   atlsd:atltypes.obj
 0001:00003010       ??HCSize@@QBE?AV0@UtagSIZE@@@Z 00404010 f   atlsd:atltypes.obj
 0001:00003040       ??GCSize@@QBE?AV0@UtagSIZE@@@Z 00404040 f   atlsd:atltypes.obj
 0001:00003070       ??GCSize@@QBE?AV0@XZ       00404070 f   atlsd:atltypes.obj
 0001:000030a0       ??HCSize@@QBE?AVCPoint@@UtagPOINT@@@Z 004040a0 f   atlsd:atltypes.obj
 0001:000030d0       ??GCSize@@QBE?AVCPoint@@UtagPOINT@@@Z 004040d0 f   atlsd:atltypes.obj
 0001:00003100       ??HCSize@@QBE?AVCRect@@PBUtagRECT@@@Z 00404100 f   atlsd:atltypes.obj
 0001:00003150       ??GCSize@@QBE?AVCRect@@PBUtagRECT@@@Z 00404150 f   atlsd:atltypes.obj
 0001:000031a0       ??0CPoint@@QAE@XZ          004041a0 f   atlsd:atltypes.obj
 0001:000031b0       ??0CPoint@@QAE@HH@Z        004041b0 f   atlsd:atltypes.obj
 0001:000031e0       ??0CPoint@@QAE@UtagPOINT@@@Z 004041e0 f   atlsd:atltypes.obj
 0001:00003200       ??0CPoint@@QAE@UtagSIZE@@@Z 00404200 f   atlsd:atltypes.obj
 0001:00003220       ??0CPoint@@QAE@J@Z         00404220 f   atlsd:atltypes.obj
 0001:00003260       ?Offset@CPoint@@QAEXHH@Z   00404260 f   atlsd:atltypes.obj
 0001:00003290       ?Offset@CPoint@@QAEXUtagPOINT@@@Z 00404290 f   atlsd:atltypes.obj
 0001:000032c0       ?Offset@CPoint@@QAEXUtagSIZE@@@Z 004042c0 f   atlsd:atltypes.obj
 0001:000032f0       ?SetPoint@CPoint@@QAEXHH@Z 004042f0 f   atlsd:atltypes.obj
 0001:00003310       ??8CPoint@@QBEHUtagPOINT@@@Z 00404310 f   atlsd:atltypes.obj
 0001:00003350       ??9CPoint@@QBEHUtagPOINT@@@Z 00404350 f   atlsd:atltypes.obj
 0001:00003390       ??YCPoint@@QAEXUtagSIZE@@@Z 00404390 f   atlsd:atltypes.obj
 0001:000033c0       ??ZCPoint@@QAEXUtagSIZE@@@Z 004043c0 f   atlsd:atltypes.obj
 0001:000033f0       ??YCPoint@@QAEXUtagPOINT@@@Z 004043f0 f   atlsd:atltypes.obj
 0001:00003420       ??ZCPoint@@QAEXUtagPOINT@@@Z 00404420 f   atlsd:atltypes.obj
 0001:00003450       ??HCPoint@@QBE?AV0@UtagSIZE@@@Z 00404450 f   atlsd:atltypes.obj
 0001:00003480       ??GCPoint@@QBE?AV0@UtagSIZE@@@Z 00404480 f   atlsd:atltypes.obj
 0001:000034b0       ??GCPoint@@QBE?AV0@XZ      004044b0 f   atlsd:atltypes.obj
 0001:000034e0       ??HCPoint@@QBE?AV0@UtagPOINT@@@Z 004044e0 f   atlsd:atltypes.obj
 0001:00003510       ??GCPoint@@QBE?AVCSize@@UtagPOINT@@@Z 00404510 f   atlsd:atltypes.obj
 0001:00003540       ??HCPoint@@QBE?AVCRect@@PBUtagRECT@@@Z 00404540 f   atlsd:atltypes.obj
 0001:00003590       ??GCPoint@@QBE?AVCRect@@PBUtagRECT@@@Z 00404590 f   atlsd:atltypes.obj
 0001:000035e0       ??0CRect@@QAE@XZ           004045e0 f   atlsd:atltypes.obj
 0001:000035f0       ??0CRect@@QAE@HHHH@Z       004045f0 f   atlsd:atltypes.obj
 0001:00003630       ??0CRect@@QAE@ABUtagRECT@@@Z 00404630 f   atlsd:atltypes.obj
 0001:00003650       ??0CRect@@QAE@PBUtagRECT@@@Z 00404650 f   atlsd:atltypes.obj
 0001:00003670       ??0CRect@@QAE@UtagPOINT@@UtagSIZE@@@Z 00404670 f   atlsd:atltypes.obj
 0001:000036b0       ??0CRect@@QAE@UtagPOINT@@0@Z 004046b0 f   atlsd:atltypes.obj
 0001:000036f0       ?Width@CRect@@QBEHXZ       004046f0 f   atlsd:atltypes.obj
 0001:00003710       ?Height@CRect@@QBEHXZ      00404710 f   atlsd:atltypes.obj
 0001:00003730       ?Size@CRect@@QBE?AVCSize@@XZ 00404730 f   atlsd:atltypes.obj
 0001:00003770       ?TopLeft@CRect@@QAEAAVCPoint@@XZ 00404770 f   atlsd:atltypes.obj
 0001:00003780       ?BottomRight@CRect@@QAEAAVCPoint@@XZ 00404780 f   atlsd:atltypes.obj
 0001:000037a0       ?TopLeft@CRect@@QBEABVCPoint@@XZ 004047a0 f   atlsd:atltypes.obj
 0001:000037b0       ?BottomRight@CRect@@QBEABVCPoint@@XZ 004047b0 f   atlsd:atltypes.obj
 0001:000037d0       ?CenterPoint@CRect@@QBE?AVCPoint@@XZ 004047d0 f   atlsd:atltypes.obj
 0001:00003810       ?SwapLeftRight@CRect@@QAEXXZ 00404810 f   atlsd:atltypes.obj
 0001:00003830       ?SwapLeftRight@CRect@@SGXPAUtagRECT@@@Z 00404830 f   atlsd:atltypes.obj
 0001:00003860       ??BCRect@@QAEPAUtagRECT@@XZ 00404860 f   atlsd:atltypes.obj
 0001:00003870       ??BCRect@@QBEPBUtagRECT@@XZ 00404870 f   atlsd:atltypes.obj
 0001:00003880       ?IsRectEmpty@CRect@@QBEHXZ 00404880 f   atlsd:atltypes.obj
 0001:000038a0       ?IsRectNull@CRect@@QBEHXZ  004048a0 f   atlsd:atltypes.obj
 0001:000038f0       ?PtInRect@CRect@@QBEHUtagPOINT@@@Z 004048f0 f   atlsd:atltypes.obj
 0001:00003920       ?SetRect@CRect@@QAEXHHHH@Z 00404920 f   atlsd:atltypes.obj
 0001:00003950       ?SetRect@CRect@@QAEXUtagPOINT@@0@Z 00404950 f   atlsd:atltypes.obj
 0001:00003980       ?SetRectEmpty@CRect@@QAEXXZ 00404980 f   atlsd:atltypes.obj
 0001:000039a0       ?CopyRect@CRect@@QAEXPBUtagRECT@@@Z 004049a0 f   atlsd:atltypes.obj
 0001:000039c0       ?EqualRect@CRect@@QBEHPBUtagRECT@@@Z 004049c0 f   atlsd:atltypes.obj
 0001:000039e0       ?InflateRect@CRect@@QAEXHH@Z 004049e0 f   atlsd:atltypes.obj
 0001:00003a10       ?InflateRect@CRect@@QAEXUtagSIZE@@@Z 00404a10 f   atlsd:atltypes.obj
 0001:00003a40       ?DeflateRect@CRect@@QAEXHH@Z 00404a40 f   atlsd:atltypes.obj
 0001:00003a70       ?DeflateRect@CRect@@QAEXUtagSIZE@@@Z 00404a70 f   atlsd:atltypes.obj
 0001:00003aa0       ?OffsetRect@CRect@@QAEXHH@Z 00404aa0 f   atlsd:atltypes.obj
 0001:00003ad0       ?OffsetRect@CRect@@QAEXUtagPOINT@@@Z 00404ad0 f   atlsd:atltypes.obj
 0001:00003b00       ?OffsetRect@CRect@@QAEXUtagSIZE@@@Z 00404b00 f   atlsd:atltypes.obj
 0001:00003b30       ?MoveToY@CRect@@QAEXH@Z    00404b30 f   atlsd:atltypes.obj
 0001:00003b60       ?MoveToX@CRect@@QAEXH@Z    00404b60 f   atlsd:atltypes.obj
 0001:00003b90       ?MoveToXY@CRect@@QAEXHH@Z  00404b90 f   atlsd:atltypes.obj
 0001:00003bc0       ?MoveToXY@CRect@@QAEXUtagPOINT@@@Z 00404bc0 f   atlsd:atltypes.obj
 0001:00003bf0       ?IntersectRect@CRect@@QAEHPBUtagRECT@@0@Z 00404bf0 f   atlsd:atltypes.obj
 0001:00003c20       ?UnionRect@CRect@@QAEHPBUtagRECT@@0@Z 00404c20 f   atlsd:atltypes.obj
 0001:00003c50       ??4CRect@@QAEXABUtagRECT@@@Z 00404c50 f   atlsd:atltypes.obj
 0001:00003c70       ??8CRect@@QBEHABUtagRECT@@@Z 00404c70 f   atlsd:atltypes.obj
 0001:00003c90       ??9CRect@@QBEHABUtagRECT@@@Z 00404c90 f   atlsd:atltypes.obj
 0001:00003cc0       ??YCRect@@QAEXUtagPOINT@@@Z 00404cc0 f   atlsd:atltypes.obj
 0001:00003cf0       ??YCRect@@QAEXUtagSIZE@@@Z 00404cf0 f   atlsd:atltypes.obj
 0001:00003d20       ??YCRect@@QAEXPBUtagRECT@@@Z 00404d20 f   atlsd:atltypes.obj
 0001:00003d40       ??ZCRect@@QAEXUtagPOINT@@@Z 00404d40 f   atlsd:atltypes.obj
 0001:00003d70       ??ZCRect@@QAEXUtagSIZE@@@Z 00404d70 f   atlsd:atltypes.obj
 0001:00003da0       ??ZCRect@@QAEXPBUtagRECT@@@Z 00404da0 f   atlsd:atltypes.obj
 0001:00003dc0       ??_4CRect@@QAEXABUtagRECT@@@Z 00404dc0 f   atlsd:atltypes.obj
 0001:00003df0       ??_5CRect@@QAEXABUtagRECT@@@Z 00404df0 f   atlsd:atltypes.obj
 0001:00003e20       ??HCRect@@QBE?AV0@UtagPOINT@@@Z 00404e20 f   atlsd:atltypes.obj
 0001:00003e80       ??GCRect@@QBE?AV0@UtagPOINT@@@Z 00404e80 f   atlsd:atltypes.obj
 0001:00003ee0       ??HCRect@@QBE?AV0@UtagSIZE@@@Z 00404ee0 f   atlsd:atltypes.obj
 0001:00003f40       ??GCRect@@QBE?AV0@UtagSIZE@@@Z 00404f40 f   atlsd:atltypes.obj
 0001:00003fa0       ??HCRect@@QBE?AV0@PBUtagRECT@@@Z 00404fa0 f   atlsd:atltypes.obj
 0001:00003ff0       ??GCRect@@QBE?AV0@PBUtagRECT@@@Z 00404ff0 f   atlsd:atltypes.obj
 0001:00004040       ??ICRect@@QBE?AV0@ABUtagRECT@@@Z 00405040 f   atlsd:atltypes.obj
 0001:00004090       ??UCRect@@QBE?AV0@ABUtagRECT@@@Z 00405090 f   atlsd:atltypes.obj
 0001:000040e0       ?SubtractRect@CRect@@QAEHPBUtagRECT@@0@Z 004050e0 f   atlsd:atltypes.obj
 0001:00004110       ?NormalizeRect@CRect@@QAEXXZ 00405110 f   atlsd:atltypes.obj
 0001:00004180       ?InflateRect@CRect@@QAEXPBUtagRECT@@@Z 00405180 f   atlsd:atltypes.obj
 0001:000041e0       ?InflateRect@CRect@@QAEXHHHH@Z 004051e0 f   atlsd:atltypes.obj
 0001:00004230       ?DeflateRect@CRect@@QAEXPBUtagRECT@@@Z 00405230 f   atlsd:atltypes.obj
 0001:00004290       ?DeflateRect@CRect@@QAEXHHHH@Z 00405290 f   atlsd:atltypes.obj
 0001:000042e0       ?MulDiv@CRect@@QBE?AV1@HH@Z 004052e0 f   atlsd:atltypes.obj
 0001:00004360       _WinMain@16                00405360 f   mfcs90d:appmodul.obj
 0001:00004380       ?AfxInitialize@@YGHHK@Z    00405380 f   mfcs90d:appmodul.obj
 0001:000043d6       __setmbcp                  004053d6 f   msvcrtd:MSVCR90D.dll
 0001:000043dc       _MulDiv@12                 004053dc f   kernel32:KERNEL32.dll
 0001:000043e2       _CopyRect@8                004053e2 f   user32:USER32.dll
 0001:000043e8       _IsRectEmpty@4             004053e8 f   user32:USER32.dll
 0001:000043ee       _PtInRect@12               004053ee f   user32:USER32.dll
 0001:000043f4       _SetRect@20                004053f4 f   user32:USER32.dll
 0001:000043fa       _SetRectEmpty@4            004053fa f   user32:USER32.dll
 0001:00004400       _EqualRect@8               00405400 f   user32:USER32.dll
 0001:00004406       _InflateRect@12            00405406 f   user32:USER32.dll
 0001:0000440c       _OffsetRect@12             0040540c f   user32:USER32.dll
 0001:00004412       _IntersectRect@12          00405412 f   user32:USER32.dll
 0001:00004418       _UnionRect@12              00405418 f   user32:USER32.dll
 0001:0000441e       _SubtractRect@12           0040541e f   user32:USER32.dll
 0001:00004424       ?AfxWinMain@@YGHPAUHINSTANCE__@@0PADH@Z 00405424 f   mfc90d:mfc90d.dll
 0001:0000442a       ?AfxGetModuleState@@YGPAVAFX_MODULE_STATE@@XZ 0040542a f   mfc90d:mfc90d.dll
 0002:00000000       __imp__InterlockedCompareExchange@12 00406000     kernel32:KERNEL32.dll
 0002:00000004       __imp__SetEvent@4          00406004     kernel32:KERNEL32.dll
 0002:00000008       __imp__WaitForSingleObject@8 00406008     kernel32:KERNEL32.dll
 0002:0000000c       __imp__CreateEventA@16     0040600c     kernel32:KERNEL32.dll
 0002:00000010       __imp__InterlockedExchange@8 00406010     kernel32:KERNEL32.dll
 0002:00000014       __imp__Sleep@4             00406014     kernel32:KERNEL32.dll
 0002:00000018       __imp__GetStartupInfoA@4   00406018     kernel32:KERNEL32.dll
 0002:0000001c       __imp__IsDebuggerPresent@0 0040601c     kernel32:KERNEL32.dll
 0002:00000020       __imp__RaiseException@16   00406020     kernel32:KERNEL32.dll
 0002:00000024       __imp__DebugBreak@0        00406024     kernel32:KERNEL32.dll
 0002:00000028       __imp__MulDiv@12           00406028     kernel32:KERNEL32.dll
 0002:0000002c       __imp__WideCharToMultiByte@32 0040602c     kernel32:KERNEL32.dll
 0002:00000030       __imp__MultiByteToWideChar@24 00406030     kernel32:KERNEL32.dll
 0002:00000034       __imp__lstrlenA@4          00406034     kernel32:KERNEL32.dll
 0002:00000038       __imp__GetProcAddress@8    00406038     kernel32:KERNEL32.dll
 0002:0000003c       __imp__LoadLibraryA@4      0040603c     kernel32:KERNEL32.dll
 0002:00000040       __imp__FreeLibrary@4       00406040     kernel32:KERNEL32.dll
 0002:00000044       __imp__VirtualQuery@12     00406044     kernel32:KERNEL32.dll
 0002:00000048       __imp__GetModuleFileNameW@12 00406048     kernel32:KERNEL32.dll
 0002:0000004c       __imp__GetProcessHeap@0    0040604c     kernel32:KERNEL32.dll
 0002:00000050       __imp__HeapAlloc@12        00406050     kernel32:KERNEL32.dll
 0002:00000054       __imp__HeapFree@12         00406054     kernel32:KERNEL32.dll
 0002:00000058       __imp__GetSystemTimeAsFileTime@4 00406058     kernel32:KERNEL32.dll
 0002:0000005c       __imp__GetCurrentProcessId@0 0040605c     kernel32:KERNEL32.dll
 0002:00000060       __imp__GetCurrentThreadId@0 00406060     kernel32:KERNEL32.dll
 0002:00000064       __imp__GetTickCount@0      00406064     kernel32:KERNEL32.dll
 0002:00000068       __imp__QueryPerformanceCounter@4 00406068     kernel32:KERNEL32.dll
 0002:0000006c       __imp__SetUnhandledExceptionFilter@4 0040606c     kernel32:KERNEL32.dll
 0002:00000070       __imp__UnhandledExceptionFilter@4 00406070     kernel32:KERNEL32.dll
 0002:00000074       __imp__GetCurrentProcess@0 00406074     kernel32:KERNEL32.dll
 0002:00000078       __imp__TerminateProcess@8  00406078     kernel32:KERNEL32.dll
 0002:0000007c       __imp__CloseHandle@4       0040607c     kernel32:KERNEL32.dll
 0002:00000080       \177KERNEL32_NULL_THUNK_DATA 00406080     kernel32:KERNEL32.dll
 0002:00000084       __imp____p__commode        00406084     msvcrtd:MSVCR90D.dll
 0002:00000088       __imp___adjust_fdiv        00406088     msvcrtd:MSVCR90D.dll
 0002:0000008c       __imp____setusermatherr    0040608c     msvcrtd:MSVCR90D.dll
 0002:00000090       __imp___setmbcp            00406090     msvcrtd:MSVCR90D.dll
 0002:00000094       __imp___configthreadlocale 00406094     msvcrtd:MSVCR90D.dll
 0002:00000098       __imp___decode_pointer     00406098     msvcrtd:MSVCR90D.dll
 0002:0000009c       __imp___onexit             0040609c     msvcrtd:MSVCR90D.dll
 0002:000000a0       __imp___lock               004060a0     msvcrtd:MSVCR90D.dll
 0002:000000a4       __imp____CxxFrameHandler3  004060a4     msvcrtd:MSVCR90D.dll
 0002:000000a8       __imp___encode_pointer     004060a8     msvcrtd:MSVCR90D.dll
 0002:000000ac       __imp____dllonexit         004060ac     msvcrtd:MSVCR90D.dll
 0002:000000b0       __imp___unlock             004060b0     msvcrtd:MSVCR90D.dll
 0002:000000b4       __imp___CRT_RTC_INITW      004060b4     msvcrtd:MSVCR90D.dll
 0002:000000b8       __imp_??_V@YAXPAX@Z        004060b8     msvcrtd:MSVCR90D.dll
 0002:000000bc       __imp____p__fmode          004060bc     msvcrtd:MSVCR90D.dll
 0002:000000c0       __imp___invoke_watson      004060c0     msvcrtd:MSVCR90D.dll
 0002:000000c4       __imp___controlfp_s        004060c4     msvcrtd:MSVCR90D.dll
 0002:000000c8       __imp___except_handler4_common 004060c8     msvcrtd:MSVCR90D.dll
 0002:000000cc       __imp___crt_debugger_hook  004060cc     msvcrtd:MSVCR90D.dll
 0002:000000d0       __imp_?_type_info_dtor_internal_method@type_info@@QAEXXZ 004060d0     msvcrtd:MSVCR90D.dll
 0002:000000d4       __imp_?terminate@@YAXXZ    004060d4     msvcrtd:MSVCR90D.dll
 0002:000000d8       __imp___initterm_e         004060d8     msvcrtd:MSVCR90D.dll
 0002:000000dc       __imp___initterm           004060dc     msvcrtd:MSVCR90D.dll
 0002:000000e0       __imp___CrtDbgReportW      004060e0     msvcrtd:MSVCR90D.dll
 0002:000000e4       __imp___CrtSetCheckCount   004060e4     msvcrtd:MSVCR90D.dll
 0002:000000e8       __imp___acmdln             004060e8     msvcrtd:MSVCR90D.dll
 0002:000000ec       __imp___ismbblead          004060ec     msvcrtd:MSVCR90D.dll
 0002:000000f0       __imp__exit                004060f0     msvcrtd:MSVCR90D.dll
 0002:000000f4       __imp___cexit              004060f4     msvcrtd:MSVCR90D.dll
 0002:000000f8       __imp___XcptFilter         004060f8     msvcrtd:MSVCR90D.dll
 0002:000000fc       __imp___exit               004060fc     msvcrtd:MSVCR90D.dll
 0002:00000100       __imp____getmainargs       00406100     msvcrtd:MSVCR90D.dll
 0002:00000104       __imp___amsg_exit          00406104     msvcrtd:MSVCR90D.dll
 0002:00000108       __imp____set_app_type      00406108     msvcrtd:MSVCR90D.dll
 0002:0000010c       \177MSVCR90D_NULL_THUNK_DATA 0040610c     msvcrtd:MSVCR90D.dll
 0002:00000110       __imp__SysFreeString@4     00406110     oleaut32:OLEAUT32.dll
 0002:00000114       \177OLEAUT32_NULL_THUNK_DATA 00406114     oleaut32:OLEAUT32.dll
 0002:00000118       __imp__GetSystemMetrics@4  00406118     user32:USER32.dll
 0002:0000011c       __imp__CopyRect@8          0040611c     user32:USER32.dll
 0002:00000120       __imp__IsRectEmpty@4       00406120     user32:USER32.dll
 0002:00000124       __imp__PtInRect@12         00406124     user32:USER32.dll
 0002:00000128       __imp__SetRect@20          00406128     user32:USER32.dll
 0002:0000012c       __imp__SetRectEmpty@4      0040612c     user32:USER32.dll
 0002:00000130       __imp__EqualRect@8         00406130     user32:USER32.dll
 0002:00000134       __imp__InflateRect@12      00406134     user32:USER32.dll
 0002:00000138       __imp__OffsetRect@12       00406138     user32:USER32.dll
 0002:0000013c       __imp__IntersectRect@12    0040613c     user32:USER32.dll
 0002:00000140       __imp__SubtractRect@12     00406140     user32:USER32.dll
 0002:00000144       __imp__UnionRect@12        00406144     user32:USER32.dll
 0002:00000148       \177USER32_NULL_THUNK_DATA 00406148     user32:USER32.dll
 0002:0000014c       __imp_?get_accName@CWnd@@UAEJUtagVARIANT@@PAPA_W@Z 0040614c     mfc90d:mfc90d.dll
 0002:00000150       __imp_?get_accValue@CWnd@@UAEJUtagVARIANT@@PAPA_W@Z 00406150     mfc90d:mfc90d.dll
 0002:00000154       __imp_?get_accDescription@CWnd@@UAEJUtagVARIANT@@PAPA_W@Z 00406154     mfc90d:mfc90d.dll
 0002:00000158       __imp_?get_accRole@CWnd@@UAEJUtagVARIANT@@PAU2@@Z 00406158     mfc90d:mfc90d.dll
 0002:0000015c       __imp_?get_accState@CWnd@@UAEJUtagVARIANT@@PAU2@@Z 0040615c     mfc90d:mfc90d.dll
 0002:00000160       __imp_?get_accHelp@CWnd@@UAEJUtagVARIANT@@PAPA_W@Z 00406160     mfc90d:mfc90d.dll
 0002:00000164       __imp_?get_accHelpTopic@CWnd@@UAEJPAPA_WUtagVARIANT@@PAJ@Z 00406164     mfc90d:mfc90d.dll
 0002:00000168       __imp_?get_accKeyboardShortcut@CWnd@@UAEJUtagVARIANT@@PAPA_W@Z 00406168     mfc90d:mfc90d.dll
 0002:0000016c       __imp_?get_accFocus@CWnd@@UAEJPAUtagVARIANT@@@Z 0040616c     mfc90d:mfc90d.dll
 0002:00000170       __imp_?get_accSelection@CWnd@@UAEJPAUtagVARIANT@@@Z 00406170     mfc90d:mfc90d.dll
 0002:00000174       __imp_?get_accDefaultAction@CWnd@@UAEJUtagVARIANT@@PAPA_W@Z 00406174     mfc90d:mfc90d.dll
 0002:00000178       __imp_?accSelect@CWnd@@UAEJJUtagVARIANT@@@Z 00406178     mfc90d:mfc90d.dll
 0002:0000017c       __imp_?accLocation@CWnd@@UAEJPAJ000UtagVARIANT@@@Z 0040617c     mfc90d:mfc90d.dll
 0002:00000180       __imp_?accNavigate@CWnd@@UAEJJUtagVARIANT@@PAU2@@Z 00406180     mfc90d:mfc90d.dll
 0002:00000184       __imp_?accHitTest@CWnd@@UAEJJJPAUtagVARIANT@@@Z 00406184     mfc90d:mfc90d.dll
 0002:00000188       __imp_?accDoDefaultAction@CWnd@@UAEJUtagVARIANT@@@Z 00406188     mfc90d:mfc90d.dll
 0002:0000018c       __imp_?put_accName@CWnd@@UAEJUtagVARIANT@@PA_W@Z 0040618c     mfc90d:mfc90d.dll
 0002:00000190       __imp_?put_accValue@CWnd@@UAEJUtagVARIANT@@PA_W@Z 00406190     mfc90d:mfc90d.dll
 0002:00000194       __imp_?SetProxy@CWnd@@UAEJPAUIAccessibleProxy@@@Z 00406194     mfc90d:mfc90d.dll
 0002:00000198       __imp_?CreateAccessibleProxy@CWnd@@UAEJIJPAJ@Z 00406198     mfc90d:mfc90d.dll
 0002:0000019c       __imp_?OnCommand@CWnd@@MAEHIJ@Z 0040619c     mfc90d:mfc90d.dll
 0002:000001a0       __imp_?OnNotify@CWnd@@MAEHIJPAJ@Z 004061a0     mfc90d:mfc90d.dll
 0002:000001a4       __imp_?GetSuperWndProcAddr@CWnd@@MAEPAP6GJPAUHWND__@@IIJ@ZXZ 004061a4     mfc90d:mfc90d.dll
 0002:000001a8       __imp_?BeginModalState@CWnd@@UAEXXZ 004061a8     mfc90d:mfc90d.dll
 0002:000001ac       __imp_?EndModalState@CWnd@@UAEXXZ 004061ac     mfc90d:mfc90d.dll
 0002:000001b0       __imp_?PreTranslateMessage@CDialog@@UAEHPAUtagMSG@@@Z 004061b0     mfc90d:mfc90d.dll
 0002:000001b4       __imp_?OnAmbientProperty@CWnd@@UAEHPAVCOleControlSite@@JPAUtagVARIANT@@@Z 004061b4     mfc90d:mfc90d.dll
 0002:000001b8       __imp_?WindowProc@CWnd@@MAEJIIJ@Z 004061b8     mfc90d:mfc90d.dll
 0002:000001bc       __imp_?OnWndMsg@CWnd@@MAEHIIJPAJ@Z 004061bc     mfc90d:mfc90d.dll
 0002:000001c0       __imp_?DefWindowProcA@CWnd@@MAEJIIJ@Z 004061c0     mfc90d:mfc90d.dll
 0002:000001c4       __imp_?PostNcDestroy@CWnd@@MAEXXZ 004061c4     mfc90d:mfc90d.dll
 0002:000001c8       __imp_?OnChildNotify@CWnd@@MAEHIIJPAJ@Z 004061c8     mfc90d:mfc90d.dll
 0002:000001cc       __imp_?CheckAutoCenter@CDialog@@UAEHXZ 004061cc     mfc90d:mfc90d.dll
 0002:000001d0       __imp_?IsFrameWnd@CWnd@@UBEHXZ 004061d0     mfc90d:mfc90d.dll
 0002:000001d4       __imp_?get_accChild@CWnd@@UAEJUtagVARIANT@@PAPAUIDispatch@@@Z 004061d4     mfc90d:mfc90d.dll
 0002:000001d8       __imp_?CreateControlSite@CWnd@@MAEHPAVCOleControlContainer@@PAPAVCOleControlSite@@IABU_GUID@@@Z 004061d8     mfc90d:mfc90d.dll
 0002:000001dc       __imp_?SetOccDialogInfo@CDialog@@MAEHPAU_AFX_OCC_DIALOG_INFO@@@Z 004061dc     mfc90d:mfc90d.dll
 0002:000001e0       __imp_?GetOccDialogInfo@CDialog@@MAEPAU_AFX_OCC_DIALOG_INFO@@XZ 004061e0     mfc90d:mfc90d.dll
 0002:000001e4       __imp_?Create@CDialog@@UAEHIPAVCWnd@@@Z 004061e4     mfc90d:mfc90d.dll
 0002:000001e8       __imp_?Create@CDialog@@UAEHPBDPAVCWnd@@@Z 004061e8     mfc90d:mfc90d.dll
 0002:000001ec       __imp_?CreateIndirect@CDialog@@UAEHPAXPAVCWnd@@@Z 004061ec     mfc90d:mfc90d.dll
 0002:000001f0       __imp_?CreateIndirect@CDialog@@UAEHPBUDLGTEMPLATE@@PAVCWnd@@PAX@Z 004061f0     mfc90d:mfc90d.dll
 0002:000001f4       __imp_?OnInitDialog@CDialog@@UAEHXZ 004061f4     mfc90d:mfc90d.dll
 0002:000001f8       __imp_?OnSetFont@CDialog@@UAEXPAVCFont@@@Z 004061f8     mfc90d:mfc90d.dll
 0002:000001fc       __imp_?OnOK@CDialog@@MAEXXZ 004061fc     mfc90d:mfc90d.dll
 0002:00000200       __imp_?OnCancel@CDialog@@MAEXXZ 00406200     mfc90d:mfc90d.dll
 0002:00000204       __imp_?PreInitDialog@CDialog@@MAEXXZ 00406204     mfc90d:mfc90d.dll
 0002:00000208       __imp_?DoDataExchange@CWnd@@MAEXPAVCDataExchange@@@Z 00406208     mfc90d:mfc90d.dll
 0002:0000020c       __imp_?LoadIconA@CWinApp@@QBEPAUHICON__@@I@Z 0040620c     mfc90d:mfc90d.dll
 0002:00000210       __imp_?AfxGetApp@@YGPAVCWinApp@@XZ 00406210     mfc90d:mfc90d.dll
 0002:00000214       __imp_?SetIcon@CWnd@@QAEPAUHICON__@@PAU2@H@Z 00406214     mfc90d:mfc90d.dll
 0002:00000218       __imp_??1?$CStringT@DV?$StrTraitMFC_DLL@DV?$ChTraitsCRT@D@ATL@@@@@ATL@@QAE@XZ 00406218     mfc90d:mfc90d.dll
 0002:0000021c       __imp_??B?$CSimpleStringT@D$00@ATL@@QBEPBDXZ 0040621c     mfc90d:mfc90d.dll
 0002:00000220       __imp_?AppendMenuA@CMenu@@QAEHIIPBD@Z 00406220     mfc90d:mfc90d.dll
 0002:00000224       __imp_?IsEmpty@?$CSimpleStringT@D$00@ATL@@QBE_NXZ 00406224     mfc90d:mfc90d.dll
 0002:00000228       __imp_?LoadStringA@?$CStringT@DV?$StrTraitMFC_DLL@DV?$ChTraitsCRT@D@ATL@@@@@ATL@@QAEHI@Z 00406228     mfc90d:mfc90d.dll
 0002:0000022c       __imp_??0?$CStringT@DV?$StrTraitMFC_DLL@DV?$ChTraitsCRT@D@ATL@@@@@ATL@@QAE@XZ 0040622c     mfc90d:mfc90d.dll
 0002:00000230       __imp_?GetSystemMenu@CWnd@@QBEPAVCMenu@@H@Z 00406230     mfc90d:mfc90d.dll
 0002:00000234       __imp_?OnSysCommand@CWnd@@IAEXIJ@Z 00406234     mfc90d:mfc90d.dll
 0002:00000238       __imp_?OnPaint@CDialog@@IAEXXZ 00406238     mfc90d:mfc90d.dll
 0002:0000023c       __imp_??1CPaintDC@@UAE@XZ  0040623c     mfc90d:mfc90d.dll
 0002:00000240       __imp_?DrawIcon@CDC@@QAEHHHPAUHICON__@@@Z 00406240     mfc90d:mfc90d.dll
 0002:00000244       __imp_?GetClientRect@CWnd@@QBEXPAUtagRECT@@@Z 00406244     mfc90d:mfc90d.dll
 0002:00000248       __imp_?SendMessageA@CWnd@@QBEJIIJ@Z 00406248     mfc90d:mfc90d.dll
 0002:0000024c       __imp_?GetSafeHdc@CDC@@QBEPAUHDC__@@XZ 0040624c     mfc90d:mfc90d.dll
 0002:00000250       __imp_??0CPaintDC@@QAE@PAVCWnd@@@Z 00406250     mfc90d:mfc90d.dll
 0002:00000254       __imp_?IsIconic@CWnd@@QBEHXZ 00406254     mfc90d:mfc90d.dll
 0002:00000258       __imp_?MessageBoxA@CWnd@@QAEHPBD0I@Z 00406258     mfc90d:mfc90d.dll
 0002:0000025c       __imp_?AfxAssertFailedLine@@YGHPBDH@Z 0040625c     mfc90d:mfc90d.dll
 0002:00000260       __imp_?get_accChildCount@CWnd@@UAEJPAJ@Z 00406260     mfc90d:mfc90d.dll
 0002:00000264       __imp_?get_accParent@CWnd@@UAEJPAPAUIDispatch@@@Z 00406264     mfc90d:mfc90d.dll
 0002:00000268       __imp_?EnsureStdObj@CWnd@@UAEJXZ 00406268     mfc90d:mfc90d.dll
 0002:0000026c       __imp_?EndModalLoop@CWnd@@UAEXH@Z 0040626c     mfc90d:mfc90d.dll
 0002:00000270       __imp_?ContinueModal@CWnd@@UAEHXZ 00406270     mfc90d:mfc90d.dll
 0002:00000274       __imp_?WinHelpInternal@CWnd@@UAEXKI@Z 00406274     mfc90d:mfc90d.dll
 0002:00000278       __imp_?HtmlHelpA@CWnd@@UAEXKI@Z 00406278     mfc90d:mfc90d.dll
 0002:0000027c       __imp_?WinHelpA@CWnd@@UAEXKI@Z 0040627c     mfc90d:mfc90d.dll
 0002:00000280       __imp_?GetScrollBarCtrl@CWnd@@UBEPAVCScrollBar@@H@Z 00406280     mfc90d:mfc90d.dll
 0002:00000284       __imp_?OnToolHitTest@CWnd@@UBEHVCPoint@@PAUtagTOOLINFOA@@@Z 00406284     mfc90d:mfc90d.dll
 0002:00000288       __imp_?SetMenu@CWnd@@UAEHPAVCMenu@@@Z 00406288     mfc90d:mfc90d.dll
 0002:0000028c       __imp_?GetMenu@CWnd@@UBEPAVCMenu@@XZ 0040628c     mfc90d:mfc90d.dll
 0002:00000290       __imp_?CalcWindowRect@CWnd@@UAEXPAUtagRECT@@I@Z 00406290     mfc90d:mfc90d.dll
 0002:00000294       __imp_?PreCreateWindow@CWnd@@UAEHAAUtagCREATESTRUCTA@@@Z 00406294     mfc90d:mfc90d.dll
 0002:00000298       __imp_?DestroyWindow@CWnd@@UAEHXZ 00406298     mfc90d:mfc90d.dll
 0002:0000029c       __imp_?CreateEx@CWnd@@UAEHKPBD0KHHHHPAUHWND__@@PAUHMENU__@@PAX@Z 0040629c     mfc90d:mfc90d.dll
 0002:000002a0       __imp_?CreateEx@CWnd@@UAEHKPBD0KABUtagRECT@@PAV1@IPAX@Z 004062a0     mfc90d:mfc90d.dll
 0002:000002a4       __imp_?Create@CWnd@@UAEHPBD0KABUtagRECT@@PAV1@IPAUCCreateContext@@@Z 004062a4     mfc90d:mfc90d.dll
 0002:000002a8       __imp_?PreSubclassWindow@CWnd@@UAEXXZ 004062a8     mfc90d:mfc90d.dll
 0002:000002ac       __imp_?GetInterfaceMap@CWnd@@MBEPBUAFX_INTERFACEMAP@@XZ 004062ac     mfc90d:mfc90d.dll
 0002:000002b0       __imp_?OnFinalRelease@CWnd@@UAEXXZ 004062b0     mfc90d:mfc90d.dll
 0002:000002b4       __imp_?OnCmdMsg@CDialog@@UAEHIHPAXPAUAFX_CMDHANDLERINFO@@@Z 004062b4     mfc90d:mfc90d.dll
 0002:000002b8       __imp_?Dump@CDialog@@UBEXAAVCDumpContext@@@Z 004062b8     mfc90d:mfc90d.dll
 0002:000002bc       __imp_?AssertValid@CDialog@@UBEXXZ 004062bc     mfc90d:mfc90d.dll
 0002:000002c0       __imp_?GetRuntimeClass@CDialog@@UBEPAUCRuntimeClass@@XZ 004062c0     mfc90d:mfc90d.dll
 0002:000002c4       __imp_??0CDialog@@QAE@IPAVCWnd@@@Z 004062c4     mfc90d:mfc90d.dll
 0002:000002c8       __imp_?GetThisMessageMap@CDialog@@KGPBUAFX_MSGMAP@@XZ 004062c8     mfc90d:mfc90d.dll
 0002:000002cc       __imp_??1CDialog@@UAE@XZ   004062cc     mfc90d:mfc90d.dll
 0002:000002d0       __imp_?AfxEnableControlContainer@@YAXPAVCOccManager@@@Z 004062d0     mfc90d:mfc90d.dll
 0002:000002d4       __imp_?Enable3dControls@CWinApp@@IAEHXZ 004062d4     mfc90d:mfc90d.dll
 0002:000002d8       __imp_?DoModal@CDialog@@UAEHXZ 004062d8     mfc90d:mfc90d.dll
 0002:000002dc       __imp_??1CWinApp@@UAE@XZ   004062dc     mfc90d:mfc90d.dll
 0002:000002e0       __imp_??3CObject@@SGXPAX@Z 004062e0     mfc90d:mfc90d.dll
 0002:000002e4       __imp_?LoadSysPolicies@CWinApp@@UAEHXZ 004062e4     mfc90d:mfc90d.dll
 0002:000002e8       __imp_?LoadAppLangResourceDLL@CWinApp@@UAEPAUHINSTANCE__@@XZ 004062e8     mfc90d:mfc90d.dll
 0002:000002ec       __imp_?WinHelpInternal@CWinApp@@UAEXKI@Z 004062ec     mfc90d:mfc90d.dll
 0002:000002f0       __imp_?HtmlHelpA@CWinApp@@UAEXKI@Z 004062f0     mfc90d:mfc90d.dll
 0002:000002f4       __imp_?WinHelpA@CWinApp@@UAEXKI@Z 004062f4     mfc90d:mfc90d.dll
 0002:000002f8       __imp_?OnDDECommand@CWinApp@@UAEHPAD@Z 004062f8     mfc90d:mfc90d.dll
 0002:000002fc       __imp_?DoWaitCursor@CWinApp@@UAEXH@Z 004062fc     mfc90d:mfc90d.dll
 0002:00000300       __imp_?DoMessageBox@CWinApp@@UAEHPBDII@Z 00406300     mfc90d:mfc90d.dll
 0002:00000304       __imp_?SaveAllModified@CWinApp@@UAEHXZ 00406304     mfc90d:mfc90d.dll
 0002:00000308       __imp_?InitApplication@CWinApp@@UAEHXZ 00406308     mfc90d:mfc90d.dll
 0002:0000030c       __imp_?AddToRecentFileList@CWinApp@@UAEXPBD@Z 0040630c     mfc90d:mfc90d.dll
 0002:00000310       __imp_?OpenDocumentFile@CWinApp@@UAEPAVCDocument@@PBD@Z 00406310     mfc90d:mfc90d.dll
 0002:00000314       __imp_?Unregister@CWinApp@@UAEHXZ 00406314     mfc90d:mfc90d.dll
 0002:00000318       __imp_?Register@CWinApp@@UAEHXZ 00406318     mfc90d:mfc90d.dll
 0002:0000031c       __imp_?InitLibId@CWinApp@@UAEXXZ 0040631c     mfc90d:mfc90d.dll
 0002:00000320       __imp_?Delete@CWinThread@@UAEXXZ 00406320     mfc90d:mfc90d.dll
 0002:00000324       __imp_?GetMainWnd@CWinThread@@UAEPAVCWnd@@XZ 00406324     mfc90d:mfc90d.dll
 0002:00000328       __imp_?ProcessMessageFilter@CWinThread@@UAEHHPAUtagMSG@@@Z 00406328     mfc90d:mfc90d.dll
 0002:0000032c       __imp_?ProcessWndProcException@CWinApp@@UAEJPAVCException@@PBUtagMSG@@@Z 0040632c     mfc90d:mfc90d.dll
 0002:00000330       __imp_?ExitInstance@CWinApp@@UAEHXZ 00406330     mfc90d:mfc90d.dll
 0002:00000334       __imp_?IsIdleMessage@CWinThread@@UAEHPAUtagMSG@@@Z 00406334     mfc90d:mfc90d.dll
 0002:00000338       __imp_?OnIdle@CWinApp@@UAEHJ@Z 00406338     mfc90d:mfc90d.dll
 0002:0000033c       __imp_?PumpMessage@CWinThread@@UAEHXZ 0040633c     mfc90d:mfc90d.dll
 0002:00000340       __imp_?PreTranslateMessage@CWinThread@@UAEHPAUtagMSG@@@Z 00406340     mfc90d:mfc90d.dll
 0002:00000344       __imp_?Run@CWinApp@@UAEHXZ 00406344     mfc90d:mfc90d.dll
 0002:00000348       __imp_?GetConnectionHook@CCmdTarget@@MAEPAUIConnectionPoint@@ABU_GUID@@@Z 00406348     mfc90d:mfc90d.dll
 0002:0000034c       __imp_?GetExtraConnectionPoints@CCmdTarget@@MAEHPAVCPtrArray@@@Z 0040634c     mfc90d:mfc90d.dll
 0002:00000350       __imp_?GetInterfaceHook@CCmdTarget@@UAEPAUIUnknown@@PBX@Z 00406350     mfc90d:mfc90d.dll
 0002:00000354       __imp_?OnCreateAggregates@CCmdTarget@@UAEHXZ 00406354     mfc90d:mfc90d.dll
 0002:00000358       __imp_?GetEventSinkMap@CCmdTarget@@MBEPBUAFX_EVENTSINKMAP@@XZ 00406358     mfc90d:mfc90d.dll
 0002:0000035c       __imp_?GetInterfaceMap@CCmdTarget@@MBEPBUAFX_INTERFACEMAP@@XZ 0040635c     mfc90d:mfc90d.dll
 0002:00000360       __imp_?GetConnectionMap@CCmdTarget@@MBEPBUAFX_CONNECTIONMAP@@XZ 00406360     mfc90d:mfc90d.dll
 0002:00000364       __imp_?GetDispatchMap@CCmdTarget@@MBEPBUAFX_DISPMAP@@XZ 00406364     mfc90d:mfc90d.dll
 0002:00000368       __imp_?GetCommandMap@CCmdTarget@@MBEPBUAFX_OLECMDMAP@@XZ 00406368     mfc90d:mfc90d.dll
 0002:0000036c       __imp_?GetTypeLib@CCmdTarget@@UAEJKPAPAUITypeLib@@@Z 0040636c     mfc90d:mfc90d.dll
 0002:00000370       __imp_?GetTypeLibCache@CCmdTarget@@UAEPAVCTypeLibCache@@XZ 00406370     mfc90d:mfc90d.dll
 0002:00000374       __imp_?GetTypeInfoCount@CCmdTarget@@UAEIXZ 00406374     mfc90d:mfc90d.dll
 0002:00000378       __imp_?GetDispatchIID@CCmdTarget@@UAEHPAU_GUID@@@Z 00406378     mfc90d:mfc90d.dll
 0002:0000037c       __imp_?IsInvokeAllowed@CCmdTarget@@UAEHJ@Z 0040637c     mfc90d:mfc90d.dll
 0002:00000380       __imp_?OnFinalRelease@CCmdTarget@@UAEXXZ 00406380     mfc90d:mfc90d.dll
 0002:00000384       __imp_?OnCmdMsg@CCmdTarget@@UAEHIHPAXPAUAFX_CMDHANDLERINFO@@@Z 00406384     mfc90d:mfc90d.dll
 0002:00000388       __imp_?Dump@CWinApp@@UBEXAAVCDumpContext@@@Z 00406388     mfc90d:mfc90d.dll
 0002:0000038c       __imp_?AssertValid@CWinApp@@UBEXXZ 0040638c     mfc90d:mfc90d.dll
 0002:00000390       __imp_?Serialize@CObject@@UAEXAAVCArchive@@@Z 00406390     mfc90d:mfc90d.dll
 0002:00000394       __imp_?GetRuntimeClass@CWinApp@@UBEPAUCRuntimeClass@@XZ 00406394     mfc90d:mfc90d.dll
 0002:00000398       __imp_??0CWinApp@@QAE@PBD@Z 00406398     mfc90d:mfc90d.dll
 0002:0000039c       __imp_?OnHelp@CWinApp@@IAEXXZ 0040639c     mfc90d:mfc90d.dll
 0002:000003a0       __imp_?GetThisMessageMap@CWinApp@@KGPBUAFX_MSGMAP@@XZ 004063a0     mfc90d:mfc90d.dll
 0002:000003a4       __imp_?CreateControlContainer@CWnd@@MAEHPAPAVCOleControlContainer@@@Z 004063a4     mfc90d:mfc90d.dll
 0002:000003a8       __imp_??3@YAXPAX@Z         004063a8     mfc90d:mfc90d.dll
 0002:000003ac       __imp_?AfxWinMain@@YGHPAUHINSTANCE__@@0PADH@Z 004063ac     mfc90d:mfc90d.dll
 0002:000003b0       __imp_?AfxGetModuleState@@YGPAVAFX_MODULE_STATE@@XZ 004063b0     mfc90d:mfc90d.dll
 0002:000003b4       \177mfc90d_NULL_THUNK_DATA 004063b4     mfc90d:mfc90d.dll
 0002:000003b8       ___xc_a                    004063b8     msvcrtd:cinitexe.obj
 0002:000003d0       ___xc_z                    004063d0     msvcrtd:cinitexe.obj
 0002:000003d4       ___xi_a                    004063d4     msvcrtd:cinitexe.obj
 0002:000003e0       ___xi_z                    004063e0     msvcrtd:cinitexe.obj
 0002:0000044c       ??_7CProcessHangAppApp@@6B@ 0040644c     ProcessHangApp.obj
 0002:000005b4       ??_7CAboutDlg@@6B@         004065b4     ProcessHangAppDlg.obj
 0002:00000724       ??_7CProcessHangAppDlg@@6B@ 00406724     ProcessHangAppDlg.obj
 0002:00000890       ??_C@_0BN@NHMHEHBA@i?8m?5handling?5NamedEvent?5now?$CB?$AA@ 00406890     ProcessHangAppDlg.obj
 0002:000008b0       ??_C@_0BE@HMFDHPFK@CreateEvent?5failed?$CB?$AA@ 004068b0     ProcessHangAppDlg.obj
 0002:000008c4       ??_C@_0P@KBMGKCEL@Win32UserDebug?$AA@ 004068c4     ProcessHangAppDlg.obj
 0002:000008d4       ??_C@_0BF@GPPHKJFN@Invalid?5DateTimeSpan?$AA@ 004068d4     StdAfx.obj
 0002:000008ec       ??_C@_0BB@KEKMKJPM@Invalid?5DateTime?$AA@ 004068ec     StdAfx.obj
 0002:00000900       ?_Min@?$AtlLimits@H@ATL@@2HB 00406900     StdAfx.obj
 0002:00000904       ?_Max@?$AtlLimits@H@ATL@@2HB 00406904     StdAfx.obj
 0002:00000908       ?_Min@?$AtlLimits@I@ATL@@2IB 00406908     StdAfx.obj
 0002:0000090c       ?_Max@?$AtlLimits@I@ATL@@2IB 0040690c     StdAfx.obj
 0002:00000910       ?_Min@?$AtlLimits@J@ATL@@2JB 00406910     StdAfx.obj
 0002:00000914       ?_Max@?$AtlLimits@J@ATL@@2JB 00406914     StdAfx.obj
 0002:00000918       ?_Min@?$AtlLimits@K@ATL@@2KB 00406918     StdAfx.obj
 0002:0000091c       ?_Max@?$AtlLimits@K@ATL@@2KB 0040691c     StdAfx.obj
 0002:00000920       ?_Min@?$AtlLimits@_J@ATL@@2_JB 00406920     StdAfx.obj
 0002:00000928       ?_Max@?$AtlLimits@_J@ATL@@2_JB 00406928     StdAfx.obj
 0002:00000930       ?_Min@?$AtlLimits@_K@ATL@@2_KB 00406930     StdAfx.obj
 0002:00000938       ?_Max@?$AtlLimits@_K@ATL@@2_KB 00406938     StdAfx.obj
 0002:00000940       ?VT@?$CVarTypeInfo@D@ATL@@2GB 00406940     StdAfx.obj
 0002:00000944       ?pmField@?$CVarTypeInfo@D@ATL@@2QQtagVARIANT@@DQ3@ 00406944     StdAfx.obj
 0002:00000948       ?VT@?$CVarTypeInfo@E@ATL@@2GB 00406948     StdAfx.obj
 0002:0000094c       ?pmField@?$CVarTypeInfo@E@ATL@@2QQtagVARIANT@@EQ3@ 0040694c     StdAfx.obj
 0002:00000950       ?VT@?$CVarTypeInfo@PAD@ATL@@2GB 00406950     StdAfx.obj
 0002:00000954       ?pmField@?$CVarTypeInfo@PAD@ATL@@2QQtagVARIANT@@PADQ3@ 00406954     StdAfx.obj
 0002:00000958       ?VT@?$CVarTypeInfo@PAE@ATL@@2GB 00406958     StdAfx.obj
 0002:0000095c       ?pmField@?$CVarTypeInfo@PAE@ATL@@2QQtagVARIANT@@PAEQ3@ 0040695c     StdAfx.obj
 0002:00000960       ?VT@?$CVarTypeInfo@F@ATL@@2GB 00406960     StdAfx.obj
 0002:00000964       ?pmField@?$CVarTypeInfo@F@ATL@@2QQtagVARIANT@@FQ3@ 00406964     StdAfx.obj
 0002:00000968       ?VT@?$CVarTypeInfo@PAF@ATL@@2GB 00406968     StdAfx.obj
 0002:0000096c       ?pmField@?$CVarTypeInfo@PAF@ATL@@2QQtagVARIANT@@PAFQ3@ 0040696c     StdAfx.obj
 0002:00000970       ?VT@?$CVarTypeInfo@G@ATL@@2GB 00406970     StdAfx.obj
 0002:00000974       ?pmField@?$CVarTypeInfo@G@ATL@@2QQtagVARIANT@@GQ3@ 00406974     StdAfx.obj
 0002:00000978       ?VT@?$CVarTypeInfo@PAG@ATL@@2GB 00406978     StdAfx.obj
 0002:0000097c       ?pmField@?$CVarTypeInfo@PAG@ATL@@2QQtagVARIANT@@PAGQ3@ 0040697c     StdAfx.obj
 0002:00000980       ?VT@?$CVarTypeInfo@H@ATL@@2GB 00406980     StdAfx.obj
 0002:00000984       ?pmField@?$CVarTypeInfo@H@ATL@@2QQtagVARIANT@@HQ3@ 00406984     StdAfx.obj
 0002:00000988       ?VT@?$CVarTypeInfo@PAH@ATL@@2GB 00406988     StdAfx.obj
 0002:0000098c       ?pmField@?$CVarTypeInfo@PAH@ATL@@2QQtagVARIANT@@PAHQ3@ 0040698c     StdAfx.obj
 0002:00000990       ?VT@?$CVarTypeInfo@I@ATL@@2GB 00406990     StdAfx.obj
 0002:00000994       ?pmField@?$CVarTypeInfo@I@ATL@@2QQtagVARIANT@@IQ3@ 00406994     StdAfx.obj
 0002:00000998       ?VT@?$CVarTypeInfo@PAI@ATL@@2GB 00406998     StdAfx.obj
 0002:0000099c       ?pmField@?$CVarTypeInfo@PAI@ATL@@2QQtagVARIANT@@PAIQ3@ 0040699c     StdAfx.obj
 0002:000009a0       ?VT@?$CVarTypeInfo@J@ATL@@2GB 004069a0     StdAfx.obj
 0002:000009a4       ?pmField@?$CVarTypeInfo@J@ATL@@2QQtagVARIANT@@JQ3@ 004069a4     StdAfx.obj
 0002:000009a8       ?VT@?$CVarTypeInfo@PAJ@ATL@@2GB 004069a8     StdAfx.obj
 0002:000009ac       ?pmField@?$CVarTypeInfo@PAJ@ATL@@2QQtagVARIANT@@PAJQ3@ 004069ac     StdAfx.obj
 0002:000009b0       ?VT@?$CVarTypeInfo@K@ATL@@2GB 004069b0     StdAfx.obj
 0002:000009b4       ?pmField@?$CVarTypeInfo@K@ATL@@2QQtagVARIANT@@KQ3@ 004069b4     StdAfx.obj
 0002:000009b8       ?VT@?$CVarTypeInfo@PAK@ATL@@2GB 004069b8     StdAfx.obj
 0002:000009bc       ?pmField@?$CVarTypeInfo@PAK@ATL@@2QQtagVARIANT@@PAKQ3@ 004069bc     StdAfx.obj
 0002:000009c0       ?VT@?$CVarTypeInfo@_J@ATL@@2GB 004069c0     StdAfx.obj
 0002:000009c4       ?pmField@?$CVarTypeInfo@_J@ATL@@2QQtagVARIANT@@_JQ3@ 004069c4     StdAfx.obj
 0002:000009c8       ?VT@?$CVarTypeInfo@PA_J@ATL@@2GB 004069c8     StdAfx.obj
 0002:000009cc       ?pmField@?$CVarTypeInfo@PA_J@ATL@@2QQtagVARIANT@@PA_JQ3@ 004069cc     StdAfx.obj
 0002:000009d0       ?VT@?$CVarTypeInfo@_K@ATL@@2GB 004069d0     StdAfx.obj
 0002:000009d4       ?pmField@?$CVarTypeInfo@_K@ATL@@2QQtagVARIANT@@_KQ3@ 004069d4     StdAfx.obj
 0002:000009d8       ?VT@?$CVarTypeInfo@PA_K@ATL@@2GB 004069d8     StdAfx.obj
 0002:000009dc       ?pmField@?$CVarTypeInfo@PA_K@ATL@@2QQtagVARIANT@@PA_KQ3@ 004069dc     StdAfx.obj
 0002:000009e0       ?VT@?$CVarTypeInfo@M@ATL@@2GB 004069e0     StdAfx.obj
 0002:000009e4       ?pmField@?$CVarTypeInfo@M@ATL@@2QQtagVARIANT@@MQ3@ 004069e4     StdAfx.obj
 0002:000009e8       ?VT@?$CVarTypeInfo@PAM@ATL@@2GB 004069e8     StdAfx.obj
 0002:000009ec       ?pmField@?$CVarTypeInfo@PAM@ATL@@2QQtagVARIANT@@PAMQ3@ 004069ec     StdAfx.obj
 0002:000009f0       ?VT@?$CVarTypeInfo@N@ATL@@2GB 004069f0     StdAfx.obj
 0002:000009f4       ?pmField@?$CVarTypeInfo@N@ATL@@2QQtagVARIANT@@NQ3@ 004069f4     StdAfx.obj
 0002:000009f8       ?VT@?$CVarTypeInfo@PAN@ATL@@2GB 004069f8     StdAfx.obj
 0002:000009fc       ?pmField@?$CVarTypeInfo@PAN@ATL@@2QQtagVARIANT@@PANQ3@ 004069fc     StdAfx.obj
 0002:00000a00       ?VT@?$CVarTypeInfo@UtagVARIANT@@@ATL@@2GB 00406a00     StdAfx.obj
 0002:00000a04       ?VT@?$CVarTypeInfo@PA_W@ATL@@2GB 00406a04     StdAfx.obj
 0002:00000a08       ?pmField@?$CVarTypeInfo@PA_W@ATL@@2QQtagVARIANT@@PA_WQ3@ 00406a08     StdAfx.obj
 0002:00000a0c       ?VT@?$CVarTypeInfo@PAPA_W@ATL@@2GB 00406a0c     StdAfx.obj
 0002:00000a10       ?pmField@?$CVarTypeInfo@PAPA_W@ATL@@2QQtagVARIANT@@PAPA_WQ3@ 00406a10     StdAfx.obj
 0002:00000a14       ?VT@?$CVarTypeInfo@PAUIUnknown@@@ATL@@2GB 00406a14     StdAfx.obj
 0002:00000a18       ?pmField@?$CVarTypeInfo@PAUIUnknown@@@ATL@@2QQtagVARIANT@@PAUIUnknown@@Q3@ 00406a18     StdAfx.obj
 0002:00000a1c       ?VT@?$CVarTypeInfo@PAPAUIUnknown@@@ATL@@2GB 00406a1c     StdAfx.obj
 0002:00000a20       ?pmField@?$CVarTypeInfo@PAPAUIUnknown@@@ATL@@2QQtagVARIANT@@PAPAUIUnknown@@Q3@ 00406a20     StdAfx.obj
 0002:00000a24       ?VT@?$CVarTypeInfo@PAUIDispatch@@@ATL@@2GB 00406a24     StdAfx.obj
 0002:00000a28       ?pmField@?$CVarTypeInfo@PAUIDispatch@@@ATL@@2QQtagVARIANT@@PAUIDispatch@@Q3@ 00406a28     StdAfx.obj
 0002:00000a2c       ?VT@?$CVarTypeInfo@PAPAUIDispatch@@@ATL@@2GB 00406a2c     StdAfx.obj
 0002:00000a30       ?pmField@?$CVarTypeInfo@PAPAUIDispatch@@@ATL@@2QQtagVARIANT@@PAPAUIDispatch@@Q3@ 00406a30     StdAfx.obj
 0002:00000a34       ?VT@?$CVarTypeInfo@TtagCY@@@ATL@@2GB 00406a34     StdAfx.obj
 0002:00000a38       ?pmField@?$CVarTypeInfo@TtagCY@@@ATL@@2QQtagVARIANT@@TtagCY@@Q3@ 00406a38     StdAfx.obj
 0002:00000a3c       ?VT@?$CVarTypeInfo@PATtagCY@@@ATL@@2GB 00406a3c     StdAfx.obj
 0002:00000a40       ?pmField@?$CVarTypeInfo@PATtagCY@@@ATL@@2QQtagVARIANT@@PATtagCY@@Q3@ 00406a40     StdAfx.obj
 0002:00000a44       ?c_bIsMFCDLLTraits@?$_MFCDLLTraitsCheck@DV?$StrTraitMFC_DLL@DV?$ChTraitsCRT@D@ATL@@@@@_CSTRING_IMPL_@ATL@@2_NB 00406a44     StdAfx.obj
 0002:00000a45       ?c_bIsMFCDLLTraits@?$_MFCDLLTraitsCheck@_WV?$StrTraitMFC_DLL@_WV?$ChTraitsCRT@_W@ATL@@@@@_CSTRING_IMPL_@ATL@@2_NB 00406a45     StdAfx.obj
 0002:00000a48       ?generic@CArchiveException@@2HB 00406a48     StdAfx.obj
 0002:00000a4c       ?generic@CFileException@@2HB 00406a4c     StdAfx.obj
 0002:00000a50       ?Millisecond@CFileTime@ATL@@2_KB 00406a50     StdAfx.obj
 0002:00000a58       ?Second@CFileTime@ATL@@2_KB 00406a58     StdAfx.obj
 0002:00000a60       ?Minute@CFileTime@ATL@@2_KB 00406a60     StdAfx.obj
 0002:00000a68       ?Hour@CFileTime@ATL@@2_KB  00406a68     StdAfx.obj
 0002:00000a70       ?Day@CFileTime@ATL@@2_KB   00406a70     StdAfx.obj
 0002:00000a78       ?Week@CFileTime@ATL@@2_KB  00406a78     StdAfx.obj
 0002:00000a80       ?szInvalidDateTime@ATL@@3QBDB 00406a80     StdAfx.obj
 0002:00000a84       ?szInvalidDateTimeSpan@ATL@@3QBDB 00406a84     StdAfx.obj
 0002:00000a88       ?CLSID_WinFormsControl@@3U_GUID@@B 00406a88     StdAfx.obj
 0002:00000a9c       ??_7Thank_you@Define_the_symbol__ATL_MIXED@@6B@ 00406a9c     StdAfx.obj
 0002:00000aa0       ??_C@_07KJLOKDKB@TypeLib?$AA@ 00406aa0     mfcs90d:nolib.obj
 0002:00000aa8       ??_C@_08KEKAJNJI@Software?$AA@ 00406aa8     mfcs90d:nolib.obj
 0002:00000ab4       ??_C@_06FDHFNJBJ@SYSTEM?$AA@ 00406ab4     mfcs90d:nolib.obj
 0002:00000abc       ??_C@_08LOPHEHKG@SECURITY?$AA@ 00406abc     mfcs90d:nolib.obj
 0002:00000ac8       ??_C@_03DDIMFGBA@SAM?$AA@  00406ac8     mfcs90d:nolib.obj
 0002:00000acc       ??_C@_04IHBFOLAC@Mime?$AA@ 00406acc     mfcs90d:nolib.obj
 0002:00000ad4       ??_C@_08PPIOJEA@Hardware?$AA@ 00406ad4     mfcs90d:nolib.obj
 0002:00000ae0       ??_C@_09JKPGEJCH@Interface?$AA@ 00406ae0     mfcs90d:nolib.obj
 0002:00000aec       ??_C@_08PICKODJL@FileType?$AA@ 00406aec     mfcs90d:nolib.obj
 0002:00000af8       ??_C@_0BF@HDDNNDFH@Component?5Categories?$AA@ 00406af8     mfcs90d:nolib.obj
 0002:00000b10       ??_C@_05GIBEAPNE@CLSID?$AA@ 00406b10     mfcs90d:nolib.obj
 0002:00000b18       ??_C@_05PDIKPLII@AppID?$AA@ 00406b18     mfcs90d:nolib.obj
 0002:00000b20       ??_C@_06JBKGCNBB@Delete?$AA@ 00406b20     mfcs90d:nolib.obj
 0002:00000b28       ??_C@_08KAAPDIAN@NoRemove?$AA@ 00406b28     mfcs90d:nolib.obj
 0002:00000b34       ??_C@_0M@DBGDLGLL@ForceRemove?$AA@ 00406b34     mfcs90d:nolib.obj
 0002:00000b40       ??_C@_03LAIAPFCB@Val?$AA@  00406b40     mfcs90d:nolib.obj
 0002:00000b44       ??_C@_01HMGJMAIH@B?$AA@    00406b44     mfcs90d:nolib.obj
 0002:00000b48       ??_C@_01CKDDGHAB@D?$AA@    00406b48     mfcs90d:nolib.obj
 0002:00000b4c       ??_C@_01PLPBNMEI@M?$AA@    00406b4c     mfcs90d:nolib.obj
 0002:00000b50       ??_C@_01CPLAODJH@S?$AA@    00406b50     mfcs90d:nolib.obj
 0002:00000b54       _LIBID_ATLLib              00406b54     mfcs90d:nolib.obj
 0002:00000b64       _CLSID_Registrar           00406b64     mfcs90d:nolib.obj
 0002:00000b74       _IID_IRegistrar            00406b74     mfcs90d:nolib.obj
 0002:00000b84       _IID_IAxWinHostWindow      00406b84     mfcs90d:nolib.obj
 0002:00000b94       _IID_IAxWinAmbientDispatch 00406b94     mfcs90d:nolib.obj
 0002:00000ba4       _IID_IInternalConnection   00406ba4     mfcs90d:nolib.obj
 0002:00000bb4       _IID_IDocHostUIHandlerDispatch 00406bb4     mfcs90d:nolib.obj
 0002:00000bc4       _IID_IAxWinHostWindowLic   00406bc4     mfcs90d:nolib.obj
 0002:00000bd4       _IID_IAxWinAmbientDispatchEx 00406bd4     mfcs90d:nolib.obj
 0002:00000c04       ?MAX_VALUE@CRegParser@ATL@@1HB 00406c04     mfcs90d:nolib.obj
 0002:00000c08       ?MAX_TYPE@CRegParser@ATL@@1HB 00406c08     mfcs90d:nolib.obj
 0002:00000c0c       ?rgszNeverDelete@CRegParser@ATL@@1QBQBDB 00406c0c     mfcs90d:nolib.obj
 0002:00000c3c       ?cbNeverDelete@CRegParser@ATL@@1HB 00406c3c     mfcs90d:nolib.obj
 0002:00000c64       ??_7type_info@@6B@         00406c64     msvcrtd:ti_inst.obj
 0002:00000c68       ??_C@_1GA@EHAKPACL@?$AAf?$AA?3?$AA?2?$AAd?$AAd?$AA?2?$AAv?$AAc?$AAt?$AAo?$AAo?$AAl?$AAs?$AA?2?$AAc?$AAr?$AAt?$AA_?$AAb?$AAl?$AAd?$AA?2?$AAs?$AAe?$AAl?$AAf?$AA_?$AAx?$AA8?$AA6?$AA?2?$AAc@ 00406c68     msvcrtd:crtexew.obj
 0002:00000cc8       ??_C@_1FA@DALEHHGL@?$AA_?$AA_?$AAn?$AAa?$AAt?$AAi?$AAv?$AAe?$AA_?$AAs?$AAt?$AAa?$AAr?$AAt?$AAu?$AAp?$AA_?$AAs?$AAt?$AAa?$AAt?$AAe?$AA?5?$AA?$DN?$AA?$DN?$AA?5?$AA_?$AA_?$AAi?$AAn?$AAi?$AAt@ 00406cc8     msvcrtd:crtexew.obj
 0002:00000d18       ??_C@_0BO@GNIAFIKK@Unknown?5Runtime?5Check?5Error?6?$AN?$AA@ 00406d18     msvcrtd:_error_.obj
 0002:00000d38       ??_C@_0CM@NGINOKPC@Stack?5memory?5around?5_alloca?5was?5@ 00406d38     msvcrtd:_error_.obj
 0002:00000d64       ??_C@_0DG@HKJMLLLP@A?5local?5variable?5was?5used?5before@ 00406d64     msvcrtd:_error_.obj
 0002:00000d9c       ??_C@_0BN@FFOINMNJ@Stack?5memory?5was?5corrupted?6?$AN?$AA@ 00406d9c     msvcrtd:_error_.obj
 0002:00000dc0       ??_C@_0BBN@GPMLNJCF@A?5cast?5to?5a?5smaller?5data?5type?5ha@ 00406dc0     msvcrtd:_error_.obj
 0002:00000ee0       ??_C@_0NN@NGPKDKPD@The?5value?5of?5ESP?5was?5not?5properl@ 00406ee0     msvcrtd:_error_.obj
 0002:0000105c       ??_C@_0CA@IODNCDPG@Run?9Time?5Check?5Failure?5?$CD?$CFd?5?9?5?$CFs?$AA@ 0040705c     msvcrtd:_error_.obj
 0002:0000107c       ??_C@_0BE@GNBOBNCK@Unknown?5Module?5Name?$AA@ 0040707c     msvcrtd:_error_.obj
 0002:00001090       ??_C@_0BB@PFFGGCJP@Unknown?5Filename?$AA@ 00407090     msvcrtd:_error_.obj
 0002:000010a8       ??_C@_1EA@NFKNIFJP@?$AAR?$AAu?$AAn?$AA?9?$AAT?$AAi?$AAm?$AAe?$AA?5?$AAC?$AAh?$AAe?$AAc?$AAk?$AA?5?$AAF?$AAa?$AAi?$AAl?$AAu?$AAr?$AAe?$AA?5?$AA?$CD?$AA?$CF?$AAd?$AA?5?$AA?9?$AA?5?$AA?$CF?$AAs?$AA?$AA@ 004070a8     msvcrtd:_error_.obj
 0002:000010e8       ??_C@_1GM@OLMCBDMB@?$AAR?$AAu?$AAn?$AAt?$AAi?$AAm?$AAe?$AA?5?$AAC?$AAh?$AAe?$AAc?$AAk?$AA?5?$AAE?$AAr?$AAr?$AAo?$AAr?$AA?4?$AA?6?$AA?$AN?$AA?5?$AAU?$AAn?$AAa?$AAb?$AAl?$AAe?$AA?5?$AAt?$AAo@ 004070e8     msvcrtd:_error_.obj
 0002:00001154       ??_C@_0CG@IAFNJNEE@Stack?5corrupted?5near?5unknown?5var@ 00407154     msvcrtd:_error_.obj
 0002:00001180       ??_C@_0EJ@LJKNEOLN@Stack?5area?5around?5_alloca?5memory@ 00407180     msvcrtd:_error_.obj
 0002:000011cc       ??_C@_08KJEDNCKC@?$CFs?$CFs?$CFs?$CFs?$AA@ 004071cc     msvcrtd:_error_.obj
 0002:000011d8       ??_C@_02LLMPMKNF@?$DO?5?$AA@ 004071d8     msvcrtd:_error_.obj
 0002:000011dc       ??_C@_01EEMJAFIK@?6?$AA@   004071dc     msvcrtd:_error_.obj
 0002:000011e0       ??_C@_0BC@KIBAILCI@?$CFs?$CFs?$CFp?$CFs?$CFld?$CFs?$CFd?$CFs?$AA@ 004071e0     msvcrtd:_error_.obj
 0002:000011f8       ??_C@_0EI@CLEPFNGI@Stack?5area?5around?5_alloca?5memory@ 004071f8     msvcrtd:_error_.obj
 0002:00001240       ??_C@_0N@MHFFIMFG@?6Address?3?50x?$AA@ 00407240     msvcrtd:_error_.obj
 0002:00001250       ??_C@_07DFDJCKFN@?6Size?3?5?$AA@ 00407250     msvcrtd:_error_.obj
 0002:00001258       ??_C@_0CK@DKGBICFE@?6Allocation?5number?5within?5this?5f@ 00407258     msvcrtd:_error_.obj
 0002:00001284       ??_C@_08OMAHNMHJ@?6Data?3?5?$DM?$AA@ 00407284     msvcrtd:_error_.obj
 0002:00001290       ??_C@_09FOPFMPEJ@wsprintfA?$AA@ 00407290     msvcrtd:_error_.obj
 0002:0000129c       ??_C@_0L@GMPLCCII@user32?4dll?$AA@ 0040729c     msvcrtd:_error_.obj
 0002:000012a8       ??_C@_05MKKEDADM@?$CF?42X?5?$AA@ 004072a8     msvcrtd:_error_.obj
 0002:000012b0       ??_C@_0DE@OHJBPMBP@A?5variable?5is?5being?5used?5without@ 004072b0     msvcrtd:_error_.obj
 0002:000012e4       ??_C@_0BP@OGBCLIBO@Stack?5around?5_alloca?5corrupted?$AA@ 004072e4     msvcrtd:_userapi_.obj
 0002:00001304       ??_C@_0CK@CNLNOEPB@Local?5variable?5used?5before?5initi@ 00407304     msvcrtd:_userapi_.obj
 0002:00001330       ??_C@_0BI@CIGMDCBH@Stack?5memory?5corruption?$AA@ 00407330     msvcrtd:_userapi_.obj
 0002:00001348       ??_C@_0CK@FEGOIOPB@Cast?5to?5smaller?5type?5causing?5los@ 00407348     msvcrtd:_userapi_.obj
 0002:00001374       ??_C@_0BJ@HEGAHDFO@Stack?5pointer?5corruption?$AA@ 00407374     msvcrtd:_userapi_.obj
 0002:000013ac       ?ProcessDetach@NativeDll@<CrtImplementationDetails>@@0IB 004073ac     msvcrtd:unhandld.obj
 0002:000013b0       ?ProcessAttach@NativeDll@<CrtImplementationDetails>@@0IB 004073b0     msvcrtd:unhandld.obj
 0002:000013b4       ?ThreadAttach@NativeDll@<CrtImplementationDetails>@@0IB 004073b4     msvcrtd:unhandld.obj
 0002:000013b8       ?ThreadDetach@NativeDll@<CrtImplementationDetails>@@0IB 004073b8     msvcrtd:unhandld.obj
 0002:000013bc       ?ProcessVerifier@NativeDll@<CrtImplementationDetails>@@0IB 004073bc     msvcrtd:unhandld.obj
 0002:000013c0       ??_C@_1GE@KOCFNGPB@?$AA_?$AAc?$AAo?$AAn?$AAt?$AAr?$AAo?$AAl?$AAf?$AAp?$AA_?$AAs?$AA?$CI?$AA?$CI?$AA?$CI?$AAv?$AAo?$AAi?$AAd?$AA?5?$AA?$CK?$AA?$CJ?$AA0?$AA?$CJ?$AA?0?$AA?5?$AA0?$AAx?$AA0?$AA0?$AA0?$AA1@ 004073c0     msvcrtd:fp8.obj
 0002:00001424       ??_C@_1CK@JMKHCBEI@?$AA_?$AAs?$AAe?$AAt?$AAd?$AAe?$AAf?$AAa?$AAu?$AAl?$AAt?$AAp?$AAr?$AAe?$AAc?$AAi?$AAs?$AAi?$AAo?$AAn?$AA?$AA@ 00407424     msvcrtd:fp8.obj
 0002:00001450       ??_C@_1GG@PHGJJHBC@?$AAf?$AA?3?$AA?2?$AAd?$AAd?$AA?2?$AAv?$AAc?$AAt?$AAo?$AAo?$AAl?$AAs?$AA?2?$AAc?$AAr?$AAt?$AA_?$AAb?$AAl?$AAd?$AA?2?$AAs?$AAe?$AAl?$AAf?$AA_?$AAx?$AA8?$AA6?$AA?2?$AAc@ 00407450     msvcrtd:fp8.obj
 0002:000014b8       ??_C@_0M@EKFFODEC@MSPDB80?4DLL?$AA@ 004074b8     msvcrtd:_pdblkup_.obj
 0002:000014c4       ??_C@_01KDCPPGHE@r?$AA@    004074c4     msvcrtd:_pdblkup_.obj
 0002:000014c8       ??_C@_0BB@KCIACLNC@PDBOpenValidate5?$AA@ 004074c8     msvcrtd:_pdblkup_.obj
 0002:000014dc       ??_C@_0BF@BMIHBHCA@EnvironmentDirectory?$AA@ 004074dc     msvcrtd:_pdblkup_.obj
 0002:000014f4       ??_C@_0CN@JNNIHDGH@SOFTWARE?2Microsoft?2VisualStudio?2@ 004074f4     msvcrtd:_pdblkup_.obj
 0002:00001524       ??_C@_0M@HLOHPNFA@RegCloseKey?$AA@ 00407524     msvcrtd:_pdblkup_.obj
 0002:00001530       ??_C@_0BB@HHEIPGME@RegQueryValueExA?$AA@ 00407530     msvcrtd:_pdblkup_.obj
 0002:00001544       ??_C@_0O@DCOGKJGG@RegOpenKeyExA?$AA@ 00407544     msvcrtd:_pdblkup_.obj
 0002:00001554       ??_C@_0N@JJPEKNFO@ADVAPI32?4DLL?$AA@ 00407554     msvcrtd:_pdblkup_.obj
 0002:00001584       ??_C@_0DH@EMOHNEGB@f?3?2dd?2vctools?2vc7libs?2ship?2atlmf@ 00407584     mfcs90d:appmodul.obj
 0002:000015c0       __load_config_used         004075c0     msvcrtd:loadcfg.obj
 0002:0000166c       ??_R4CProcessHangAppApp@@6B@ 0040766c     ProcessHangApp.obj
 0002:00001680       ??_R3CProcessHangAppApp@@8 00407680     ProcessHangApp.obj
 0002:00001690       ??_R2CProcessHangAppApp@@8 00407690     ProcessHangApp.obj
 0002:000016a8       ??_R1A@?0A@EA@CProcessHangAppApp@@8 004076a8     ProcessHangApp.obj
 0002:000016c4       ??_R1A@?0A@EA@CWinApp@@8   004076c4     ProcessHangApp.obj
 0002:000016e0       ??_R3CWinApp@@8            004076e0     ProcessHangApp.obj
 0002:000016f0       ??_R2CWinApp@@8            004076f0     ProcessHangApp.obj
 0002:00001704       ??_R1A@?0A@EA@CWinThread@@8 00407704     ProcessHangApp.obj
 0002:00001720       ??_R3CWinThread@@8         00407720     ProcessHangApp.obj
 0002:00001730       ??_R2CWinThread@@8         00407730     ProcessHangApp.obj
 0002:00001740       ??_R1A@?0A@EA@CCmdTarget@@8 00407740     ProcessHangApp.obj
 0002:0000175c       ??_R3CCmdTarget@@8         0040775c     ProcessHangApp.obj
 0002:0000176c       ??_R2CCmdTarget@@8         0040776c     ProcessHangApp.obj
 0002:00001778       ??_R1A@?0A@EA@CObject@@8   00407778     ProcessHangApp.obj
 0002:00001794       ??_R3CObject@@8            00407794     ProcessHangApp.obj
 0002:000017a4       ??_R2CObject@@8            004077a4     ProcessHangApp.obj
 0002:000017ac       ??_R4CAboutDlg@@6B@        004077ac     ProcessHangAppDlg.obj
 0002:000017c0       ??_R3CAboutDlg@@8          004077c0     ProcessHangAppDlg.obj
 0002:000017d0       ??_R2CAboutDlg@@8          004077d0     ProcessHangAppDlg.obj
 0002:000017e8       ??_R1A@?0A@EA@CAboutDlg@@8 004077e8     ProcessHangAppDlg.obj
 0002:00001804       ??_R1A@?0A@EA@CDialog@@8   00407804     ProcessHangAppDlg.obj
 0002:00001820       ??_R3CDialog@@8            00407820     ProcessHangAppDlg.obj
 0002:00001830       ??_R2CDialog@@8            00407830     ProcessHangAppDlg.obj
 0002:00001844       ??_R1A@?0A@EA@CWnd@@8      00407844     ProcessHangAppDlg.obj
 0002:00001860       ??_R3CWnd@@8               00407860     ProcessHangAppDlg.obj
 0002:00001870       ??_R2CWnd@@8               00407870     ProcessHangAppDlg.obj
 0002:00001880       ??_R4CProcessHangAppDlg@@6B@ 00407880     ProcessHangAppDlg.obj
 0002:00001894       ??_R3CProcessHangAppDlg@@8 00407894     ProcessHangAppDlg.obj
 0002:000018a4       ??_R2CProcessHangAppDlg@@8 004078a4     ProcessHangAppDlg.obj
 0002:000018bc       ??_R1A@?0A@EA@CProcessHangAppDlg@@8 004078bc     ProcessHangAppDlg.obj
 0002:000018d8       ??_R4Thank_you@Define_the_symbol__ATL_MIXED@@6B@ 004078d8     StdAfx.obj
 0002:000018ec       ??_R3Thank_you@Define_the_symbol__ATL_MIXED@@8 004078ec     StdAfx.obj
 0002:000018fc       ??_R2Thank_you@Define_the_symbol__ATL_MIXED@@8 004078fc     StdAfx.obj
 0002:00001904       ??_R1A@?0A@EA@Thank_you@Define_the_symbol__ATL_MIXED@@8 00407904     StdAfx.obj
 0002:00001920       ??_R4type_info@@6B@        00407920     msvcrtd:ti_inst.obj
 0002:00001934       ??_R3type_info@@8          00407934     msvcrtd:ti_inst.obj
 0002:00001944       ??_R2type_info@@8          00407944     msvcrtd:ti_inst.obj
 0002:0000194c       ??_R1A@?0A@EA@type_info@@8 0040794c     msvcrtd:ti_inst.obj
 0002:00001970       ___safe_se_handler_table   00407970     <linker-defined>
 0002:00001988       ___rtc_iaa                 00407988     msvcrtd:_initsect_.obj
 0002:00001998       ___rtc_izz                 00407998     msvcrtd:_initsect_.obj
 0002:0000199c       ___rtc_taa                 0040799c     msvcrtd:_initsect_.obj
 0002:000019ac       ___rtc_tzz                 004079ac     msvcrtd:_initsect_.obj
 0002:00001b74       ___pobjMapEntryFirst       00407b74     mfcs90d:nolib.obj
 0002:00001b78       ___pobjMapEntryLast        00407b78     mfcs90d:nolib.obj
 0002:00001b7c       __IMPORT_DESCRIPTOR_mfc90d 00407b7c     mfc90d:mfc90d.dll
 0002:00001b90       __IMPORT_DESCRIPTOR_MSVCR90D 00407b90     msvcrtd:MSVCR90D.dll
 0002:00001ba4       __IMPORT_DESCRIPTOR_KERNEL32 00407ba4     kernel32:KERNEL32.dll
 0002:00001bb8       __IMPORT_DESCRIPTOR_USER32 00407bb8     user32:USER32.dll
 0002:00001bcc       __IMPORT_DESCRIPTOR_OLEAUT32 00407bcc     oleaut32:OLEAUT32.dll
 0002:00001be0       __NULL_IMPORT_DESCRIPTOR   00407be0     mfc90d:mfc90d.dll
 0003:00000044       ??_R0?AVCProcessHangAppApp@@@8 00409044     ProcessHangApp.obj
 0003:00000068       ??_R0?AVCWinApp@@@8        00409068     ProcessHangApp.obj
 0003:00000080       ??_R0?AVCWinThread@@@8     00409080     ProcessHangApp.obj
 0003:0000009c       ??_R0?AVCCmdTarget@@@8     0040909c     ProcessHangApp.obj
 0003:000000b8       ??_R0?AVCObject@@@8        004090b8     ProcessHangApp.obj
 0003:00000118       ??_R0?AVCAboutDlg@@@8      00409118     ProcessHangAppDlg.obj
 0003:00000130       ??_R0?AVCDialog@@@8        00409130     ProcessHangAppDlg.obj
 0003:00000148       ??_R0?AVCWnd@@@8           00409148     ProcessHangAppDlg.obj
 0003:0000015c       ??_R0?AVCProcessHangAppDlg@@@8 0040915c     ProcessHangAppDlg.obj
 0003:00000180       ?__LINE__Var@?1??OnBtnHung@CProcessHangAppDlg@@IAEXXZ@4JA 00409180     ProcessHangAppDlg.obj
 0003:00000184       __pIncludeInitManaged      00409184     StdAfx.obj
 0003:00000188       ??_R0?AUThank_you@Define_the_symbol__ATL_MIXED@@@8 00409188     StdAfx.obj
 0003:000001c0       ??_R0?AVtype_info@@@8      004091c0     msvcrtd:ti_inst.obj
 0003:000001d8       ___security_cookie         004091d8     msvcrtd:gs_cookie.obj
 0003:000001dc       ___security_cookie_complement 004091dc     msvcrtd:gs_cookie.obj
 0003:000001e0       ?_RTC_ErrorLevels@@3PAHA   004091e0     msvcrtd:_error_.obj
 0003:000001f4       ___globallocalestatus      004091f4     msvcrtd:xthdloc.obj
 0003:000001f8       ___defaultmatherr          004091f8     msvcrtd:merr.obj
 0003:000001fc       ___native_dllmain_reason   004091fc     msvcrtd:natstart.obj
 0003:00000200       ___native_vcclrit_reason   00409200     msvcrtd:natstart.obj
 0003:00000208       ?theApp@@3VCProcessHangAppApp@@A 00409208     ProcessHangApp.obj
 0003:000002ac       ?s_pfnPrevHook@CNoUIAssertHook@ATL@@0P6AHHPADPAH@ZA 004092ac     StdAfx.obj
 0003:000002b0       ?m_bInitFailed@CAtlBaseModule@ATL@@2_NA 004092b0     StdAfx.obj
 0003:000002b4       ?s_pLog@CFixedStringMgr@ATL@@2PAVIFixedStringLog@2@A 004092b4     StdAfx.obj
 0003:000002b8       ?clash@Define_the_symbol__ATL_MIXED@@3UThank_you@1@A 004092b8     StdAfx.obj
 0003:000002bc       ?clash@Inconsistent_definition_of_symbol__ATL_MIXED@@3U_Please_define_it_the_same_throughout_your_project@1@A 004092bc     StdAfx.obj
 0003:000002c0       ?_pAtlAutoThreadModule@ATL@@3PAUIAtlAutoThreadModule@1@A 004092c0     mfcs90d:nolib.obj
 0003:000002c4       __afxForceEXCLUDE          004092c4     mfcs90d:nolib.obj
 0003:000002c8       ?_pPerfRegFunc@ATL@@3P6AJPAUHINSTANCE__@@@ZA 004092c8     mfcs90d:nolib.obj
 0003:000002cc       ?_pPerfUnRegFunc@ATL@@3P6AJXZA 004092cc     mfcs90d:nolib.obj
 0003:000002d0       ?_AtlRegisterPerUser@ATL@@3_NA 004092d0     mfcs90d:nolib.obj
 0003:000002d4       ?_pAtlModule@ATL@@3PAVCAtlModule@1@A 004092d4     mfcs90d:nolib.obj
 0003:000002d8       ?m_libid@CAtlModule@ATL@@2U_GUID@@A 004092d8     mfcs90d:nolib.obj
 0003:000002e8       ?_pModule@ATL@@3PAVCComModule@1@A 004092e8     mfcs90d:nolib.obj
 0003:000002ec       ?ATL_CREATE_OBJECT@CComApartment@ATL@@2IA 004092ec     mfcs90d:nolib.obj
 0003:000002f0       ?WM_DESTROYMODELESS@CDHtmlDialog@@1IA 004092f0     mfcs90d:nolib.obj
 0003:000002f4       __afxForceSTDAFX           004092f4     mfcs90d:stdafx.obj
 0003:0000031c       ?wsprintffp@@3P6AHPADPBDZZA 0040931c     msvcrtd:_error_.obj
 0003:0000064c       __commode                  0040964c     msvcrtd:xncommod.obj
 0003:00000650       __fmode                    00409650     msvcrtd:xtxtmode.obj
 0003:00000654       __dowildcard               00409654     msvcrtd:wildcard.obj
 0003:00000658       __newmode                  00409658     msvcrtd:_newmode.obj
 0003:00000668       ?_afxInitAppState@@3DA     00409668     mfcs90d:appmodul.obj
 0003:0000066c       ___native_startup_state    0040966c     <common>
 0003:00000670       ___native_startup_lock     00409670     <common>
 0003:00000674       __adjust_fdiv              00409674     <common>
 0003:00000678       ___dyn_tls_init_callback   00409678     <common>
 0003:0000067c       ___onexitend               0040967c     <common>
 0003:00000680       ___onexitbegin             00409680     <common>

 entry point at        0001:000014f0

 Static symbols

 0001:000013f0       _pre_c_init                004023f0 f   msvcrtd:crtexew.obj
 0001:00001490       _pre_cpp_init              00402490 f   msvcrtd:crtexew.obj
 0001:00001510       ___tmainCRTStartup         00402510 f   msvcrtd:crtexew.obj
 0001:00001850       _check_managed_app         00402850 f   msvcrtd:crtexew.obj
 0001:00001a50       ?ArrayUnwindFilter@@YAHPAU_EXCEPTION_POINTERS@@@Z 00402a50 f   msvcrtd:ehvecdtr.obj
 0001:00001ab0       ?DebuggerProbe@@YAHK@Z     00402ab0 f   msvcrtd:_error_.obj
 0001:00001ba0       ?failwithmessage@@YAXPAXHHPBD@Z 00402ba0 f   msvcrtd:_error_.obj
 0001:00001db0       ?DebuggerRuntime@@YAHKHPAXPB_W@Z 00402db0 f   msvcrtd:_error_.obj
 0001:00002090       ?_getMemBlockDataString@@YAXPAD00I@Z 00403090 f   msvcrtd:_error_.obj
 0001:00002b90       ?GetPdbDll@@YAPAUHINSTANCE__@@XZ 00403b90 f   msvcrtd:_pdblkup_.obj
 0001:00004430       __unwindfunclet$?InitInstance@CProcessHangAppApp@@UAEHXZ$0 00405430 f   ProcessHangApp.obj
 0001:0000443b       __ehhandler$?InitInstance@CProcessHangAppApp@@UAEHXZ 0040543b f   ProcessHangApp.obj
 0001:00004460       __unwindfunclet$??0CProcessHangAppDlg@@QAE@PAVCWnd@@@Z$0 00405460 f   ProcessHangAppDlg.obj
 0001:00004468       __ehhandler$??0CProcessHangAppDlg@@QAE@PAVCWnd@@@Z 00405468 f   ProcessHangAppDlg.obj
 0001:00004490       __unwindfunclet$?OnInitDialog@CProcessHangAppDlg@@MAEHXZ$0 00405490 f   ProcessHangAppDlg.obj
 0001:000044a2       __ehhandler$?OnInitDialog@CProcessHangAppDlg@@MAEHXZ 004054a2 f   ProcessHangAppDlg.obj
 0001:000044c0       __unwindfunclet$?OnSysCommand@CProcessHangAppDlg@@IAEXIJ@Z$0 004054c0 f   ProcessHangAppDlg.obj
 0001:000044cb       __ehhandler$?OnSysCommand@CProcessHangAppDlg@@IAEXIJ@Z 004054cb f   ProcessHangAppDlg.obj
 0001:000044f0       __unwindfunclet$?OnPaint@CProcessHangAppDlg@@IAEXXZ$0 004054f0 f   ProcessHangAppDlg.obj
 0001:000044f8       __ehhandler$?OnPaint@CProcessHangAppDlg@@IAEXXZ 004054f8 f   ProcessHangAppDlg.obj
 0001:00004520       ??__EtheApp@@YAXXZ         00405520 f   ProcessHangApp.obj
 0001:00004570       ??__Eclash@Inconsistent_definition_of_symbol__ATL_MIXED@@YAXXZ 00405570 f   StdAfx.obj
 0001:000045a0       ??__Eclash@Define_the_symbol__ATL_MIXED@@YAXXZ 004055a0 f   StdAfx.obj
 0001:000045e0       ??__Eclash@Inconsistent_definition_of_symbol__ATL_MIXED@@YAXXZ 004055e0 f   mfcs90d:nolib.obj
 0001:000045f0       ??__Eclash@Define_the_symbol__ATL_MIXED@@YAXXZ 004055f0 f   mfcs90d:nolib.obj
 0001:00004610       ??__Eclash@Inconsistent_definition_of_symbol__ATL_MIXED@@YAXXZ 00405610 f   mfcs90d:stdafx.obj
 0001:00004620       ??__Eclash@Define_the_symbol__ATL_MIXED@@YAXXZ 00405620 f   mfcs90d:stdafx.obj
 0001:00004640       ??__E_afxInitAppState@@YAXXZ 00405640 f   mfcs90d:appmodul.obj
 0001:00004660       ??__Eclash@Inconsistent_definition_of_symbol__ATL_MIXED@@YAXXZ 00405660 f   mfcs90d:appmodul.obj
 0001:00004670       ??__Eclash@Define_the_symbol__ATL_MIXED@@YAXXZ 00405670 f   mfcs90d:appmodul.obj
 0001:00004690       ??__FtheApp@@YAXXZ         00405690 f   ProcessHangApp.obj
